#
# There is insufficient memory for the Java Runtime Environment to continue.
# Native memory allocation (mmap) failed to map 461373440 bytes for G1 virtual space
# Possible reasons:
#   The system is out of physical RAM or swap space
#   The process is running with CompressedOops enabled, and the Java Heap may be blocking the growth of the native heap
# Possible solutions:
#   Reduce memory load on the system
#   Increase physical memory or swap space
#   Check if swap backing store is full
#   Decrease Java heap size (-Xmx/-Xms)
#   Decrease number of Java threads
#   Decrease Java thread stack sizes (-Xss)
#   Set larger code cache with -XX:ReservedCodeCacheSize=
#   JVM is running with Zero Based Compressed Oops mode in which the Java heap is
#     placed in the first 32GB address space. The Java Heap base address is the
#     maximum limit for the native heap growth. Please use -XX:HeapBaseMinAddress
#     to set the Java Heap base and to place the Java Heap above 32GB virtual address.
# This output file may be truncated or incomplete.
#
#  Out of Memory Error (os_windows.cpp:3550), pid=13380, tid=23224
#
# JRE version: Java(TM) SE Runtime Environment (17.0.8+9) (build 17.0.8+9-LTS-211)
# Java VM: Java HotSpot(TM) 64-Bit Server VM (17.0.8+9-LTS-211, mixed mode, sharing, tiered, compressed oops, compressed class ptrs, g1 gc, windows-amd64)
# No core dump will be written. Minidumps are not enabled by default on client versions of Windows
#

---------------  S U M M A R Y ------------

Command Line: --add-opens=java.base/java.lang=ALL-UNNAMED --add-opens=java.base/java.lang.invoke=ALL-UNNAMED --add-opens=java.base/java.util=ALL-UNNAMED --add-opens=java.prefs/java.util.prefs=ALL-UNNAMED --add-exports=jdk.compiler/com.sun.tools.javac.api=ALL-UNNAMED --add-exports=jdk.compiler/com.sun.tools.javac.util=ALL-UNNAMED --add-opens=java.base/java.util=ALL-UNNAMED --add-opens=java.prefs/java.util.prefs=ALL-UNNAMED --add-opens=java.base/java.nio.charset=ALL-UNNAMED --add-opens=java.base/java.net=ALL-UNNAMED --add-opens=java.base/java.util.concurrent.atomic=ALL-UNNAMED --add-opens=java.xml/javax.xml.namespace=ALL-UNNAMED -XX:MaxMetaspaceSize=4G -XX:ReservedCodeCacheSize=512m -XX:+HeapDumpOnOutOfMemoryError -Xmx8G -Dfile.encoding=UTF-8 -Duser.country=IN -Duser.language=en -Duser.variant -javaagent:C:\Users\SSN\.gradle\wrapper\dists\gradle-8.14-all\c2qonpi39x1mddn7hk5gh9iqj\gradle-8.14\lib\agents\gradle-instrumentation-agent-8.14.jar -agentpath:C:\Program Files\SentinelOne\Sentinel Agent 23.1.5.886\SentinelJava64.dll=extendedCapabilities org.gradle.launcher.daemon.bootstrap.GradleDaemon 8.14

Host: 12th Gen Intel(R) Core(TM) i5-1235U, 12 cores, 15G,  Windows 11 , 64 bit Build 26100 (10.0.26100.5074)
Time: Tue Mar 10 22:02:30 2026 India Standard Time elapsed time: 3324.068820 seconds (0d 0h 55m 24s)

---------------  T H R E A D  ---------------

Current thread (0x00000271d47335b0):  VMThread "VM Thread" [stack: 0x000000cb3d600000,0x000000cb3d700000] [id=23224]

Stack: [0x000000cb3d600000,0x000000cb3d700000]
Native frames: (J=compiled Java code, j=interpreted, Vv=VM code, C=native code)
V  [jvm.dll+0x677d0a]
V  [jvm.dll+0x7d8c54]
V  [jvm.dll+0x7da3fe]
V  [jvm.dll+0x7daa63]
V  [jvm.dll+0x245c5f]
V  [jvm.dll+0x674bb9]
V  [jvm.dll+0x6694f2]
V  [jvm.dll+0x3031d6]
V  [jvm.dll+0x30a756]
V  [jvm.dll+0x359f9e]
V  [jvm.dll+0x35a1cf]
V  [jvm.dll+0x2da3e8]
V  [jvm.dll+0x2d87f5]
V  [jvm.dll+0x2d7dfc]
V  [jvm.dll+0x31b4cb]
V  [jvm.dll+0x7df26b]
V  [jvm.dll+0x7dffa4]
V  [jvm.dll+0x7e04bd]
V  [jvm.dll+0x7e0894]
V  [jvm.dll+0x7e0960]
V  [jvm.dll+0x788bba]
V  [jvm.dll+0x676b35]
C  [ucrtbase.dll+0x37b0]
C  [KERNEL32.DLL+0x2e8d7]
C  [ntdll.dll+0x8d9c]

VM_Operation (0x000000cb3ecf2d30): G1CollectForAllocation, mode: safepoint, requested by thread 0x000002721d6d91e0


---------------  P R O C E S S  ---------------

Threads class SMR info:
_java_thread_list=0x0000027220ce08d0, length=90, elements={
0x0000027194ad0fc0, 0x00000271d473d9f0, 0x00000271d473ea30, 0x00000271d4750b00,
0x00000271d4753f50, 0x00000271d4754420, 0x00000271d475bff0, 0x00000271d476dc00,
0x00000271d476ed30, 0x00000271d4779dd0, 0x00000271d1c7a040, 0x00000271d494e6a0,
0x000002721b889320, 0x000002721ba02fe0, 0x000002721b7c8190, 0x000002721bacb260,
0x000002721bac9f20, 0x000002721bdfbd90, 0x000002721bdfcc00, 0x000002721bdfd5a0,
0x000002721bdfd0d0, 0x000002721bdfda70, 0x000002721bdfaf20, 0x000002721bdfb3f0,
0x000002721bdfe410, 0x000002721e752a20, 0x000002721e74fa00, 0x000002721e74f060,
0x000002721e752ef0, 0x000002721da12b80, 0x000002722314b250, 0x000002722314c0c0,
0x000002721baca8c0, 0x000002721baca3f0, 0x000002721bacad90, 0x000002721d6d91e0,
0x000002721d6d8d10, 0x000002721d6d9b80, 0x000002721d6d96b0, 0x000002721d6db390,
0x000002721d6d79d0, 0x000002721d6d8370, 0x000002721d6da050, 0x000002721d6db860,
0x000002721d6da520, 0x000002721d6da9f0, 0x000002721d6daec0, 0x000002721d6d7ea0,
0x000002721d6dc200, 0x000002721d6dd070, 0x000002721d6de3b0, 0x000002721d6dbd30,
0x000002721d6dc6d0, 0x000002721d6ded50, 0x000002721d6dcba0, 0x000002721d6de880,
0x000002721d6dd540, 0x000002721d6dda10, 0x000002721d6df220, 0x000002721d6ddee0,
0x000002721e74f530, 0x000002721e7516e0, 0x000002721e7533c0, 0x000002721e753890,
0x000002721e754230, 0x000002721e751210, 0x000002721e752080, 0x000002721e750870,
0x000002721e751bb0, 0x000002721e754700, 0x000002721e752550, 0x000002721e750d40,
0x000002721e754bd0, 0x000002721e7550a0, 0x000002721e755f10, 0x000002721e755570,
0x000002721e755a40, 0x000002721e7568b0, 0x000002721e7563e0, 0x0000027223148bd0,
0x0000027223149570, 0x0000027223149a40, 0x00000272231490a0, 0x000002722314b720,
0x0000027223147d60, 0x000002722314a3e0, 0x000002722314bbf0, 0x0000027223148230,
0x000002722314ad80, 0x0000027223950c00
}

Java Threads: ( => current thread )
  0x0000027194ad0fc0 JavaThread "main" [_thread_blocked, id=24872, stack(0x000000cb3d000000,0x000000cb3d100000)]
  0x00000271d473d9f0 JavaThread "Reference Handler" daemon [_thread_blocked, id=22936, stack(0x000000cb3d700000,0x000000cb3d800000)]
  0x00000271d473ea30 JavaThread "Finalizer" daemon [_thread_blocked, id=3920, stack(0x000000cb3d800000,0x000000cb3d900000)]
  0x00000271d4750b00 JavaThread "Signal Dispatcher" daemon [_thread_blocked, id=13140, stack(0x000000cb3d900000,0x000000cb3da00000)]
  0x00000271d4753f50 JavaThread "Attach Listener" daemon [_thread_blocked, id=9080, stack(0x000000cb3da00000,0x000000cb3db00000)]
  0x00000271d4754420 JavaThread "Service Thread" daemon [_thread_blocked, id=20032, stack(0x000000cb3db00000,0x000000cb3dc00000)]
  0x00000271d475bff0 JavaThread "Monitor Deflation Thread" daemon [_thread_blocked, id=6972, stack(0x000000cb3dc00000,0x000000cb3dd00000)]
  0x00000271d476dc00 JavaThread "C2 CompilerThread0" daemon [_thread_blocked, id=16560, stack(0x000000cb3dd00000,0x000000cb3de00000)]
  0x00000271d476ed30 JavaThread "C1 CompilerThread0" daemon [_thread_blocked, id=20500, stack(0x000000cb3de00000,0x000000cb3df00000)]
  0x00000271d4779dd0 JavaThread "Sweeper thread" daemon [_thread_blocked, id=14240, stack(0x000000cb3df00000,0x000000cb3e000000)]
  0x00000271d1c7a040 JavaThread "Common-Cleaner" daemon [_thread_blocked, id=19560, stack(0x000000cb3e000000,0x000000cb3e100000)]
  0x00000271d494e6a0 JavaThread "Notification Thread" daemon [_thread_blocked, id=9900, stack(0x000000cb3e100000,0x000000cb3e200000)]
  0x000002721b889320 JavaThread "Daemon health stats" [_thread_blocked, id=1868, stack(0x000000cb3e900000,0x000000cb3ea00000)]
  0x000002721ba02fe0 JavaThread "Incoming local TCP Connector on port 55222" [_thread_in_native, id=15500, stack(0x000000cb3e300000,0x000000cb3e400000)]
  0x000002721b7c8190 JavaThread "Daemon periodic checks" [_thread_blocked, id=26328, stack(0x000000cb3ea00000,0x000000cb3eb00000)]
  0x000002721bacb260 JavaThread "Cache worker for journal cache (C:\Users\SSN\.gradle\caches\journal-1)" [_thread_blocked, id=24364, stack(0x000000cb3eb00000,0x000000cb3ec00000)]
  0x000002721bac9f20 JavaThread "File lock request listener" [_thread_in_native, id=26436, stack(0x000000cb3f300000,0x000000cb3f400000)]
  0x000002721bdfbd90 JavaThread "Cache worker for file hash cache (C:\Users\SSN\.gradle\caches\8.14\fileHashes)" [_thread_blocked, id=20772, stack(0x000000cb3f400000,0x000000cb3f500000)]
  0x000002721bdfcc00 JavaThread "File watcher server" daemon [_thread_in_native, id=13720, stack(0x000000cb3fe00000,0x000000cb3ff00000)]
  0x000002721bdfd5a0 JavaThread "File watcher consumer" daemon [_thread_blocked, id=14784, stack(0x000000cb3ff00000,0x000000cb40000000)]
  0x000002721bdfd0d0 JavaThread "jar transforms" [_thread_blocked, id=11852, stack(0x000000cb40100000,0x000000cb40200000)]
  0x000002721bdfda70 JavaThread "jar transforms Thread 2" [_thread_blocked, id=18804, stack(0x000000cb40200000,0x000000cb40300000)]
  0x000002721bdfaf20 JavaThread "jar transforms Thread 3" [_thread_blocked, id=26348, stack(0x000000cb40500000,0x000000cb40600000)]
  0x000002721bdfb3f0 JavaThread "jar transforms Thread 4" [_thread_blocked, id=20372, stack(0x000000cb40600000,0x000000cb40700000)]
  0x000002721bdfe410 JavaThread "Cache worker for file content cache (C:\Users\SSN\.gradle\caches\8.14\fileContent)" [_thread_blocked, id=22356, stack(0x000000cb40900000,0x000000cb40a00000)]
  0x000002721e752a20 JavaThread "jar transforms Thread 5" [_thread_blocked, id=24020, stack(0x000000cb40a00000,0x000000cb40b00000)]
  0x000002721e74fa00 JavaThread "jar transforms Thread 6" [_thread_blocked, id=18728, stack(0x000000cb40b00000,0x000000cb40c00000)]
  0x000002721e74f060 JavaThread "jar transforms Thread 7" [_thread_blocked, id=3268, stack(0x000000cb40c00000,0x000000cb40d00000)]
  0x000002721e752ef0 JavaThread "jar transforms Thread 8" [_thread_blocked, id=21508, stack(0x000000cb40d00000,0x000000cb40e00000)]
  0x000002721da12b80 JavaThread "Memory manager" [_thread_blocked, id=11320, stack(0x000000cb43300000,0x000000cb43400000)]
  0x000002722314b250 JavaThread "jar transforms Thread 9" [_thread_blocked, id=8640, stack(0x000000cb3f700000,0x000000cb3f800000)]
  0x000002722314c0c0 JavaThread "jar transforms Thread 10" [_thread_blocked, id=25748, stack(0x000000cb40400000,0x000000cb40500000)]
  0x000002721baca8c0 JavaThread "Daemon Thread 3" [_thread_blocked, id=16884, stack(0x000000cb3cd00000,0x000000cb3ce00000)]
  0x000002721baca3f0 JavaThread "Handler for socket connection from /127.0.0.1:55222 to /127.0.0.1:53142" [_thread_in_native, id=12688, stack(0x000000cb3ce00000,0x000000cb3cf00000)]
  0x000002721bacad90 JavaThread "Cancel handler" [_thread_blocked, id=24988, stack(0x000000cb3cf00000,0x000000cb3d000000)]
  0x000002721d6d91e0 JavaThread "Daemon worker Thread 3" [_thread_blocked, id=8540, stack(0x000000cb3ec00000,0x000000cb3ed00000)]
  0x000002721d6d8d10 JavaThread "Asynchronous log dispatcher for DefaultDaemonConnection: socket connection from /127.0.0.1:55222 to /127.0.0.1:53142" [_thread_blocked, id=15076, stack(0x000000cb3ed00000,0x000000cb3ee00000)]
  0x000002721d6d9b80 JavaThread "Stdin handler" [_thread_blocked, id=4144, stack(0x000000cb3ee00000,0x000000cb3ef00000)]
  0x000002721d6d96b0 JavaThread "Daemon client event forwarder" [_thread_blocked, id=23112, stack(0x000000cb3ef00000,0x000000cb3f000000)]
  0x000002721d6db390 JavaThread "Cache worker for file hash cache (C:\Users\SSN\Desktop\DEMAND_FORCAST_PROJECT\demand_forecast_frontend\android\.gradle\8.14\fileHashes)" [_thread_blocked, id=2532, stack(0x000000cb3f000000,0x000000cb3f100000)]
  0x000002721d6d79d0 JavaThread "Cache worker for Build Output Cleanup Cache (C:\Users\SSN\Desktop\DEMAND_FORCAST_PROJECT\demand_forecast_frontend\android\.gradle\buildOutputCleanup)" [_thread_blocked, id=14128, stack(0x000000cb3f100000,0x000000cb3f200000)]
  0x000002721d6d8370 JavaThread "jar transforms Thread 11" [_thread_blocked, id=7436, stack(0x000000cb3f200000,0x000000cb3f300000)]
  0x000002721d6da050 JavaThread "jar transforms Thread 12" [_thread_blocked, id=24972, stack(0x000000cb3f600000,0x000000cb3f700000)]
  0x000002721d6db860 JavaThread "Cache worker for checksums cache (C:\Users\SSN\Desktop\DEMAND_FORCAST_PROJECT\demand_forecast_frontend\android\.gradle\8.14\checksums)" [_thread_blocked, id=15124, stack(0x000000cb40700000,0x000000cb40800000)]
  0x000002721d6da520 JavaThread "Cache worker for cache directory md-supplier (C:\Users\SSN\.gradle\caches\8.14\md-supplier)" [_thread_blocked, id=19848, stack(0x000000cb40800000,0x000000cb40900000)]
  0x000002721d6da9f0 JavaThread "Cache worker for cache directory md-rule (C:\Users\SSN\.gradle\caches\8.14\md-rule)" [_thread_blocked, id=22256, stack(0x000000cb40e00000,0x000000cb40f00000)]
  0x000002721d6daec0 JavaThread "Cache worker for Build Output Cleanup Cache (C:\Users\SSN\flutter\packages\flutter_tools\gradle\.gradle\buildOutputCleanup)" [_thread_blocked, id=24996, stack(0x000000cb40f00000,0x000000cb41000000)]
  0x000002721d6d7ea0 JavaThread "Unconstrained build operations" [_thread_blocked, id=12556, stack(0x000000cb41100000,0x000000cb41200000)]
  0x000002721d6dc200 JavaThread "Unconstrained build operations Thread 2" [_thread_blocked, id=11096, stack(0x000000cb41200000,0x000000cb41300000)]
  0x000002721d6dd070 JavaThread "Unconstrained build operations Thread 3" [_thread_blocked, id=18988, stack(0x000000cb41300000,0x000000cb41400000)]
  0x000002721d6de3b0 JavaThread "Unconstrained build operations Thread 4" [_thread_blocked, id=21440, stack(0x000000cb41400000,0x000000cb41500000)]
  0x000002721d6dbd30 JavaThread "Unconstrained build operations Thread 5" [_thread_blocked, id=12740, stack(0x000000cb41500000,0x000000cb41600000)]
  0x000002721d6dc6d0 JavaThread "Unconstrained build operations Thread 6" [_thread_blocked, id=18964, stack(0x000000cb41600000,0x000000cb41700000)]
  0x000002721d6ded50 JavaThread "Unconstrained build operations Thread 7" [_thread_blocked, id=9812, stack(0x000000cb41700000,0x000000cb41800000)]
  0x000002721d6dcba0 JavaThread "Unconstrained build operations Thread 8" [_thread_blocked, id=21828, stack(0x000000cb41800000,0x000000cb41900000)]
  0x000002721d6de880 JavaThread "Unconstrained build operations Thread 9" [_thread_blocked, id=16212, stack(0x000000cb41900000,0x000000cb41a00000)]
  0x000002721d6dd540 JavaThread "Unconstrained build operations Thread 10" [_thread_blocked, id=5912, stack(0x000000cb41a00000,0x000000cb41b00000)]
  0x000002721d6dda10 JavaThread "Unconstrained build operations Thread 11" [_thread_blocked, id=14904, stack(0x000000cb41b00000,0x000000cb41c00000)]
  0x000002721d6df220 JavaThread "Unconstrained build operations Thread 12" [_thread_blocked, id=3032, stack(0x000000cb41c00000,0x000000cb41d00000)]
  0x000002721d6ddee0 JavaThread "Unconstrained build operations Thread 13" [_thread_blocked, id=2272, stack(0x000000cb41e00000,0x000000cb41f00000)]
  0x000002721e74f530 JavaThread "Unconstrained build operations Thread 14" [_thread_blocked, id=6868, stack(0x000000cb41f00000,0x000000cb42000000)]
  0x000002721e7516e0 JavaThread "Unconstrained build operations Thread 15" [_thread_blocked, id=3840, stack(0x000000cb42000000,0x000000cb42100000)]
  0x000002721e7533c0 JavaThread "Unconstrained build operations Thread 16" [_thread_blocked, id=16796, stack(0x000000cb42100000,0x000000cb42200000)]
  0x000002721e753890 JavaThread "Unconstrained build operations Thread 17" [_thread_blocked, id=25548, stack(0x000000cb42200000,0x000000cb42300000)]
  0x000002721e754230 JavaThread "Unconstrained build operations Thread 18" [_thread_blocked, id=24924, stack(0x000000cb42300000,0x000000cb42400000)]
  0x000002721e751210 JavaThread "Unconstrained build operations Thread 19" [_thread_blocked, id=24524, stack(0x000000cb42400000,0x000000cb42500000)]
  0x000002721e752080 JavaThread "Unconstrained build operations Thread 20" [_thread_blocked, id=19200, stack(0x000000cb41d00000,0x000000cb41e00000)]
  0x000002721e750870 JavaThread "Unconstrained build operations Thread 21" [_thread_blocked, id=8104, stack(0x000000cb42500000,0x000000cb42600000)]
  0x000002721e751bb0 JavaThread "Unconstrained build operations Thread 22" [_thread_blocked, id=1372, stack(0x000000cb42600000,0x000000cb42700000)]
  0x000002721e754700 JavaThread "Unconstrained build operations Thread 23" [_thread_blocked, id=22968, stack(0x000000cb42700000,0x000000cb42800000)]
  0x000002721e752550 JavaThread "Unconstrained build operations Thread 24" [_thread_blocked, id=5516, stack(0x000000cb42800000,0x000000cb42900000)]
  0x000002721e750d40 JavaThread "Unconstrained build operations Thread 25" [_thread_blocked, id=19180, stack(0x000000cb42900000,0x000000cb42a00000)]
  0x000002721e754bd0 JavaThread "Unconstrained build operations Thread 26" [_thread_blocked, id=8888, stack(0x000000cb42a00000,0x000000cb42b00000)]
  0x000002721e7550a0 JavaThread "Unconstrained build operations Thread 27" [_thread_blocked, id=20464, stack(0x000000cb42b00000,0x000000cb42c00000)]
  0x000002721e755f10 JavaThread "Unconstrained build operations Thread 28" [_thread_blocked, id=24244, stack(0x000000cb42c00000,0x000000cb42d00000)]
  0x000002721e755570 JavaThread "Unconstrained build operations Thread 29" [_thread_blocked, id=4124, stack(0x000000cb42d00000,0x000000cb42e00000)]
  0x000002721e755a40 JavaThread "Unconstrained build operations Thread 30" [_thread_blocked, id=25952, stack(0x000000cb42e00000,0x000000cb42f00000)]
  0x000002721e7568b0 JavaThread "Unconstrained build operations Thread 31" [_thread_blocked, id=17768, stack(0x000000cb42f00000,0x000000cb43000000)]
  0x000002721e7563e0 JavaThread "Unconstrained build operations Thread 32" [_thread_blocked, id=11688, stack(0x000000cb43000000,0x000000cb43100000)]
  0x0000027223148bd0 JavaThread "Unconstrained build operations Thread 33" [_thread_blocked, id=16660, stack(0x000000cb43100000,0x000000cb43200000)]
  0x0000027223149570 JavaThread "Unconstrained build operations Thread 34" [_thread_blocked, id=23824, stack(0x000000cb43200000,0x000000cb43300000)]
  0x0000027223149a40 JavaThread "Unconstrained build operations Thread 35" [_thread_blocked, id=6100, stack(0x000000cb43400000,0x000000cb43500000)]
  0x00000272231490a0 JavaThread "Unconstrained build operations Thread 36" [_thread_blocked, id=20688, stack(0x000000cb43500000,0x000000cb43600000)]
  0x000002722314b720 JavaThread "Unconstrained build operations Thread 37" [_thread_blocked, id=26064, stack(0x000000cb43600000,0x000000cb43700000)]
  0x0000027223147d60 JavaThread "Unconstrained build operations Thread 38" [_thread_blocked, id=10216, stack(0x000000cb43700000,0x000000cb43800000)]
  0x000002722314a3e0 JavaThread "Unconstrained build operations Thread 39" [_thread_blocked, id=17484, stack(0x000000cb43800000,0x000000cb43900000)]
  0x000002722314bbf0 JavaThread "Unconstrained build operations Thread 40" [_thread_blocked, id=21832, stack(0x000000cb43900000,0x000000cb43a00000)]
  0x0000027223148230 JavaThread "Unconstrained build operations Thread 41" [_thread_blocked, id=6128, stack(0x000000cb43a00000,0x000000cb43b00000)]
  0x000002722314ad80 JavaThread "build event listener" [_thread_blocked, id=24192, stack(0x000000cb43c00000,0x000000cb43d00000)]
  0x0000027223950c00 JavaThread "C2 CompilerThread1" daemon [_thread_blocked, id=22676, stack(0x000000cb43b00000,0x000000cb43c00000)]

Other Threads:
=>0x00000271d47335b0 VMThread "VM Thread" [stack: 0x000000cb3d600000,0x000000cb3d700000] [id=23224]
  0x00000271d1ad4f10 WatcherThread [stack: 0x000000cb3e200000,0x000000cb3e300000] [id=25676]
  0x00000271d1ac19b0 GCTaskThread "GC Thread#0" [stack: 0x000000cb3d100000,0x000000cb3d200000] [id=2596]
  0x00000271d49ef270 GCTaskThread "GC Thread#1" [stack: 0x000000cb3e400000,0x000000cb3e500000] [id=14596]
  0x00000271d49ed790 GCTaskThread "GC Thread#2" [stack: 0x000000cb3e500000,0x000000cb3e600000] [id=15080]
  0x00000271d49ee250 GCTaskThread "GC Thread#3" [stack: 0x000000cb3e600000,0x000000cb3e700000] [id=7940]
  0x00000271d49eda40 GCTaskThread "GC Thread#4" [stack: 0x000000cb3e700000,0x000000cb3e800000] [id=26284]
  0x00000271d49eefc0 GCTaskThread "GC Thread#5" [stack: 0x000000cb3e800000,0x000000cb3e900000] [id=16168]
  0x000002721d58d790 GCTaskThread "GC Thread#6" [stack: 0x000000cb3f800000,0x000000cb3f900000] [id=26420]
  0x000002721d58d230 GCTaskThread "GC Thread#7" [stack: 0x000000cb3f900000,0x000000cb3fa00000] [id=16324]
  0x000002721d58d4e0 GCTaskThread "GC Thread#8" [stack: 0x000000cb3fa00000,0x000000cb3fb00000] [id=25528]
  0x000002721d58da40 GCTaskThread "GC Thread#9" [stack: 0x000000cb3fb00000,0x000000cb3fc00000] [id=19424]
  0x0000027194b4bc60 ConcurrentGCThread "G1 Main Marker" [stack: 0x000000cb3d200000,0x000000cb3d300000] [id=26244]
  0x0000027194b4e3d0 ConcurrentGCThread "G1 Conc#0" [stack: 0x000000cb3d300000,0x000000cb3d400000] [id=22392]
  0x000002721d58e500 ConcurrentGCThread "G1 Conc#1" [stack: 0x000000cb3fc00000,0x000000cb3fd00000] [id=13848]
  0x000002721d58dcf0 ConcurrentGCThread "G1 Conc#2" [stack: 0x000000cb3fd00000,0x000000cb3fe00000] [id=24056]
  0x00000271d1b3f280 ConcurrentGCThread "G1 Refine#0" [stack: 0x000000cb3d400000,0x000000cb3d500000] [id=26516]
  0x000002721dfc4c00 ConcurrentGCThread "G1 Refine#1" [stack: 0x000000cb3f500000,0x000000cb3f600000] [id=6532]
  0x000002721dfc54a0 ConcurrentGCThread "G1 Refine#2" [stack: 0x000000cb40000000,0x000000cb40100000] [id=8048]
  0x000002721dfc4920 ConcurrentGCThread "G1 Refine#3" [stack: 0x000000cb40300000,0x000000cb40400000] [id=15228]
  0x00000271d1b41570 ConcurrentGCThread "G1 Service" [stack: 0x000000cb3d500000,0x000000cb3d600000] [id=2016]

Threads with active compile tasks:

VM state: at safepoint (normal execution)

VM Mutex/Monitor currently owned by a thread:  ([mutex/lock_event])
[0x0000027194acdcc0] Threads_lock - owner thread: 0x00000271d47335b0
[0x0000027194ace650] Heap_lock - owner thread: 0x000002721d6d91e0

Heap address: 0x0000000600000000, size: 8192 MB, Compressed Oops mode: Zero based, Oop shift amount: 3

CDS archive(s) mapped at: [0x00000271d5000000-0x00000271d5bd0000-0x00000271d5bd0000), size 12386304, SharedBaseAddress: 0x00000271d5000000, ArchiveRelocationMode: 1.
Compressed class space mapped at: 0x00000271d6000000-0x0000027216000000, reserved size: 1073741824
Narrow klass base: 0x00000271d5000000, Narrow klass shift: 0, Narrow klass range: 0x100000000

GC Precious Log:
 CPUs: 12 total, 12 available
 Memory: 16055M
 Large Page Support: Disabled
 NUMA Support: Disabled
 Compressed Oops: Enabled (Zero based)
 Heap Region Size: 4M
 Heap Min Capacity: 8M
 Heap Initial Capacity: 252M
 Heap Max Capacity: 8G
 Pre-touch: Disabled
 Parallel Workers: 10
 Concurrent Workers: 3
 Concurrent Refinement Workers: 10
 Periodic GC: Disabled

Heap:
 garbage-first heap   total 737280K, used 151734K [0x0000000600000000, 0x0000000800000000)
  region size 4096K, 1 young (4096K), 1 survivors (4096K)
 Metaspace       used 107941K, committed 109056K, reserved 1179648K
  class space    used 14810K, committed 15360K, reserved 1048576K

Heap Regions: E=young(eden), S=young(survivor), O=old, HS=humongous(starts), HC=humongous(continues), CS=collection set, F=free, OA=open archive, CA=closed archive, TAMS=top-at-mark-start (previous, next)
|   0|0x0000000600000000, 0x0000000600400000, 0x0000000600400000|100%|HS|  |TAMS 0x0000000600400000, 0x0000000600400000| Complete 
|   1|0x0000000600400000, 0x0000000600800000, 0x0000000600800000|100%| O|  |TAMS 0x0000000600800000, 0x0000000600800000| Untracked 
|   2|0x0000000600800000, 0x0000000600c00000, 0x0000000600c00000|100%| O|  |TAMS 0x0000000600c00000, 0x0000000600c00000| Untracked 
|   3|0x0000000600c00000, 0x0000000601000000, 0x0000000601000000|100%| O|  |TAMS 0x0000000601000000, 0x0000000601000000| Untracked 
|   4|0x0000000601000000, 0x0000000601400000, 0x0000000601400000|100%| O|  |TAMS 0x0000000601400000, 0x0000000601400000| Untracked 
|   5|0x0000000601400000, 0x0000000601800000, 0x0000000601800000|100%| O|  |TAMS 0x0000000601800000, 0x0000000601800000| Untracked 
|   6|0x0000000601800000, 0x0000000601c00000, 0x0000000601c00000|100%| O|  |TAMS 0x0000000601c00000, 0x0000000601c00000| Untracked 
|   7|0x0000000601c00000, 0x0000000602000000, 0x0000000602000000|100%| O|  |TAMS 0x0000000602000000, 0x0000000602000000| Untracked 
|   8|0x0000000602000000, 0x0000000602400000, 0x0000000602400000|100%| O|  |TAMS 0x0000000602400000, 0x0000000602400000| Untracked 
|   9|0x0000000602400000, 0x0000000602800000, 0x0000000602800000|100%| O|  |TAMS 0x0000000602800000, 0x0000000602800000| Untracked 
|  10|0x0000000602800000, 0x0000000602c00000, 0x0000000602c00000|100%| O|  |TAMS 0x0000000602c00000, 0x0000000602c00000| Untracked 
|  11|0x0000000602c00000, 0x0000000603000000, 0x0000000603000000|100%|HS|  |TAMS 0x0000000603000000, 0x0000000603000000| Complete 
|  12|0x0000000603000000, 0x0000000603400000, 0x0000000603400000|100%| O|  |TAMS 0x0000000603400000, 0x0000000603400000| Untracked 
|  13|0x0000000603400000, 0x0000000603800000, 0x0000000603800000|100%| O|  |TAMS 0x0000000603800000, 0x0000000603800000| Untracked 
|  14|0x0000000603800000, 0x0000000603c00000, 0x0000000603c00000|100%| O|  |TAMS 0x0000000603c00000, 0x0000000603c00000| Untracked 
|  15|0x0000000603c00000, 0x0000000604000000, 0x0000000604000000|100%|HS|  |TAMS 0x0000000604000000, 0x0000000604000000| Complete 
|  16|0x0000000604000000, 0x0000000604400000, 0x0000000604400000|100%| O|  |TAMS 0x0000000604400000, 0x0000000604400000| Untracked 
|  17|0x0000000604400000, 0x0000000604800000, 0x0000000604800000|100%| O|  |TAMS 0x0000000604800000, 0x0000000604800000| Untracked 
|  18|0x0000000604800000, 0x0000000604c00000, 0x0000000604c00000|100%| O|  |TAMS 0x0000000604c00000, 0x0000000604c00000| Untracked 
|  19|0x0000000604c00000, 0x0000000605000000, 0x0000000605000000|100%| O|  |TAMS 0x0000000605000000, 0x0000000605000000| Untracked 
|  20|0x0000000605000000, 0x0000000605400000, 0x0000000605400000|100%| O|  |TAMS 0x0000000605400000, 0x0000000605400000| Untracked 
|  21|0x0000000605400000, 0x0000000605800000, 0x0000000605800000|100%| O|  |TAMS 0x0000000605800000, 0x0000000605800000| Untracked 
|  22|0x0000000605800000, 0x0000000605c00000, 0x0000000605c00000|100%| O|  |TAMS 0x0000000605c00000, 0x0000000605c00000| Untracked 
|  23|0x0000000605c00000, 0x0000000606000000, 0x0000000606000000|100%| O|  |TAMS 0x0000000605f64e00, 0x0000000606000000| Untracked 
|  24|0x0000000606000000, 0x0000000606400000, 0x0000000606400000|100%| O|  |TAMS 0x0000000606400000, 0x0000000606400000| Untracked 
|  25|0x0000000606400000, 0x0000000606800000, 0x0000000606800000|100%| O|  |TAMS 0x0000000606800000, 0x0000000606800000| Untracked 
|  26|0x0000000606800000, 0x0000000606c00000, 0x0000000606c00000|100%| O|  |TAMS 0x0000000606c00000, 0x0000000606c00000| Untracked 
|  27|0x0000000606c00000, 0x0000000607000000, 0x0000000607000000|100%| O|  |TAMS 0x0000000607000000, 0x0000000607000000| Untracked 
|  28|0x0000000607000000, 0x0000000607400000, 0x0000000607400000|100%| O|  |TAMS 0x0000000607400000, 0x0000000607400000| Untracked 
|  29|0x0000000607400000, 0x0000000607800000, 0x0000000607800000|100%| O|  |TAMS 0x0000000607800000, 0x0000000607800000| Untracked 
|  30|0x0000000607800000, 0x0000000607c00000, 0x0000000607c00000|100%| O|  |TAMS 0x0000000607c00000, 0x0000000607c00000| Untracked 
|  31|0x0000000607c00000, 0x0000000608000000, 0x0000000608000000|100%| O|  |TAMS 0x0000000608000000, 0x0000000608000000| Untracked 
|  32|0x0000000608000000, 0x0000000608400000, 0x0000000608400000|100%| O|  |TAMS 0x0000000608400000, 0x0000000608400000| Untracked 
|  33|0x0000000608400000, 0x0000000608800000, 0x0000000608800000|100%| O|  |TAMS 0x0000000608800000, 0x0000000608800000| Untracked 
|  34|0x0000000608800000, 0x0000000608800000, 0x0000000608c00000|  0%| F|  |TAMS 0x0000000608800000, 0x0000000608800000| Untracked 
|  35|0x0000000608c00000, 0x0000000608e96e00, 0x0000000609000000| 64%| O|  |TAMS 0x0000000608e96e00, 0x0000000608e96e00| Untracked 
|  36|0x0000000609000000, 0x0000000609400000, 0x0000000609400000|100%| O|  |TAMS 0x0000000609000000, 0x0000000609400000| Untracked 
|  37|0x0000000609400000, 0x000000060959c800, 0x0000000609800000| 40%| O|  |TAMS 0x0000000609400000, 0x000000060959c800| Untracked 
|  38|0x0000000609800000, 0x0000000609800000, 0x0000000609c00000|  0%| F|  |TAMS 0x0000000609800000, 0x0000000609800000| Untracked 
|  39|0x0000000609c00000, 0x0000000609c00000, 0x000000060a000000|  0%| F|  |TAMS 0x0000000609c00000, 0x0000000609c00000| Untracked 
|  40|0x000000060a000000, 0x000000060a000000, 0x000000060a400000|  0%| F|  |TAMS 0x000000060a000000, 0x000000060a000000| Untracked 
|  41|0x000000060a400000, 0x000000060a400000, 0x000000060a800000|  0%| F|  |TAMS 0x000000060a400000, 0x000000060a400000| Untracked 
|  42|0x000000060a800000, 0x000000060a800000, 0x000000060ac00000|  0%| F|  |TAMS 0x000000060a800000, 0x000000060a800000| Untracked 
|  43|0x000000060ac00000, 0x000000060ac00000, 0x000000060b000000|  0%| F|  |TAMS 0x000000060ac00000, 0x000000060ac00000| Untracked 
|  44|0x000000060b000000, 0x000000060b000000, 0x000000060b400000|  0%| F|  |TAMS 0x000000060b000000, 0x000000060b000000| Untracked 
|  45|0x000000060b400000, 0x000000060b400000, 0x000000060b800000|  0%| F|  |TAMS 0x000000060b400000, 0x000000060b400000| Untracked 
|  46|0x000000060b800000, 0x000000060b800000, 0x000000060bc00000|  0%| F|  |TAMS 0x000000060b800000, 0x000000060b800000| Untracked 
|  47|0x000000060bc00000, 0x000000060bc00000, 0x000000060c000000|  0%| F|  |TAMS 0x000000060bc00000, 0x000000060bc00000| Untracked 
|  48|0x000000060c000000, 0x000000060c000000, 0x000000060c400000|  0%| F|  |TAMS 0x000000060c000000, 0x000000060c000000| Untracked 
|  49|0x000000060c400000, 0x000000060c400000, 0x000000060c800000|  0%| F|  |TAMS 0x000000060c400000, 0x000000060c400000| Untracked 
|  50|0x000000060c800000, 0x000000060c800000, 0x000000060cc00000|  0%| F|  |TAMS 0x000000060c800000, 0x000000060c800000| Untracked 
|  51|0x000000060cc00000, 0x000000060cc00000, 0x000000060d000000|  0%| F|  |TAMS 0x000000060cc00000, 0x000000060cc00000| Untracked 
|  52|0x000000060d000000, 0x000000060d000000, 0x000000060d400000|  0%| F|  |TAMS 0x000000060d000000, 0x000000060d000000| Untracked 
|  53|0x000000060d400000, 0x000000060d400000, 0x000000060d800000|  0%| F|  |TAMS 0x000000060d400000, 0x000000060d400000| Untracked 
|  54|0x000000060d800000, 0x000000060d800000, 0x000000060dc00000|  0%| F|  |TAMS 0x000000060d800000, 0x000000060d800000| Untracked 
|  55|0x000000060dc00000, 0x000000060dffa250, 0x000000060e000000| 99%| S|CS|TAMS 0x000000060dc00000, 0x000000060dc00000| Complete 
|  56|0x000000060e000000, 0x000000060e000000, 0x000000060e400000|  0%| F|  |TAMS 0x000000060e000000, 0x000000060e000000| Untracked 
|  57|0x000000060e400000, 0x000000060e400000, 0x000000060e800000|  0%| F|  |TAMS 0x000000060e400000, 0x000000060e400000| Untracked 
|  58|0x000000060e800000, 0x000000060e800000, 0x000000060ec00000|  0%| F|  |TAMS 0x000000060e800000, 0x000000060e800000| Untracked 
|  59|0x000000060ec00000, 0x000000060ec00000, 0x000000060f000000|  0%| F|  |TAMS 0x000000060ec00000, 0x000000060ec00000| Untracked 
|  60|0x000000060f000000, 0x000000060f000000, 0x000000060f400000|  0%| F|  |TAMS 0x000000060f000000, 0x000000060f000000| Untracked 
|  61|0x000000060f400000, 0x000000060f400000, 0x000000060f800000|  0%| F|  |TAMS 0x000000060f400000, 0x000000060f400000| Untracked 
|  62|0x000000060f800000, 0x000000060f800000, 0x000000060fc00000|  0%| F|  |TAMS 0x000000060f800000, 0x000000060f800000| Untracked 
|  63|0x000000060fc00000, 0x000000060fc00000, 0x0000000610000000|  0%| F|  |TAMS 0x000000060fc00000, 0x000000060fc00000| Untracked 
|  64|0x0000000610000000, 0x0000000610000000, 0x0000000610400000|  0%| F|  |TAMS 0x0000000610000000, 0x0000000610000000| Untracked 
|  65|0x0000000610400000, 0x0000000610400000, 0x0000000610800000|  0%| F|  |TAMS 0x0000000610400000, 0x0000000610400000| Untracked 
|  66|0x0000000610800000, 0x0000000610800000, 0x0000000610c00000|  0%| F|  |TAMS 0x0000000610800000, 0x0000000610800000| Untracked 
|  67|0x0000000610c00000, 0x0000000610c00000, 0x0000000611000000|  0%| F|  |TAMS 0x0000000610c00000, 0x0000000610c00000| Untracked 
|  68|0x0000000611000000, 0x0000000611000000, 0x0000000611400000|  0%| F|  |TAMS 0x0000000611000000, 0x0000000611000000| Untracked 
|  69|0x0000000611400000, 0x0000000611400000, 0x0000000611800000|  0%| F|  |TAMS 0x0000000611400000, 0x0000000611400000| Untracked 
|  70|0x0000000611800000, 0x0000000611800000, 0x0000000611c00000|  0%| F|  |TAMS 0x0000000611800000, 0x0000000611800000| Untracked 
|  71|0x0000000611c00000, 0x0000000611c00000, 0x0000000612000000|  0%| F|  |TAMS 0x0000000611c00000, 0x0000000611c00000| Untracked 
|  72|0x0000000612000000, 0x0000000612000000, 0x0000000612400000|  0%| F|  |TAMS 0x0000000612000000, 0x0000000612000000| Untracked 
|  73|0x0000000612400000, 0x0000000612400000, 0x0000000612800000|  0%| F|  |TAMS 0x0000000612400000, 0x0000000612400000| Untracked 
|  74|0x0000000612800000, 0x0000000612800000, 0x0000000612c00000|  0%| F|  |TAMS 0x0000000612800000, 0x0000000612800000| Untracked 
|  75|0x0000000612c00000, 0x0000000612c00000, 0x0000000613000000|  0%| F|  |TAMS 0x0000000612c00000, 0x0000000612c00000| Untracked 
|  76|0x0000000613000000, 0x0000000613000000, 0x0000000613400000|  0%| F|  |TAMS 0x0000000613000000, 0x0000000613000000| Untracked 
|  77|0x0000000613400000, 0x0000000613400000, 0x0000000613800000|  0%| F|  |TAMS 0x0000000613400000, 0x0000000613400000| Untracked 
|  78|0x0000000613800000, 0x0000000613800000, 0x0000000613c00000|  0%| F|  |TAMS 0x0000000613800000, 0x0000000613800000| Untracked 
|  79|0x0000000613c00000, 0x0000000613c00000, 0x0000000614000000|  0%| F|  |TAMS 0x0000000613c00000, 0x0000000613c00000| Untracked 
|  80|0x0000000614000000, 0x0000000614000000, 0x0000000614400000|  0%| F|  |TAMS 0x0000000614000000, 0x0000000614000000| Untracked 
|  81|0x0000000614400000, 0x0000000614400000, 0x0000000614800000|  0%| F|  |TAMS 0x0000000614400000, 0x0000000614400000| Untracked 
|  82|0x0000000614800000, 0x0000000614800000, 0x0000000614c00000|  0%| F|  |TAMS 0x0000000614800000, 0x0000000614800000| Untracked 
|  83|0x0000000614c00000, 0x0000000614c00000, 0x0000000615000000|  0%| F|  |TAMS 0x0000000614c00000, 0x0000000614c00000| Untracked 
|  84|0x0000000615000000, 0x0000000615000000, 0x0000000615400000|  0%| F|  |TAMS 0x0000000615000000, 0x0000000615000000| Untracked 
|  85|0x0000000615400000, 0x0000000615400000, 0x0000000615800000|  0%| F|  |TAMS 0x0000000615400000, 0x0000000615400000| Untracked 
|  86|0x0000000615800000, 0x0000000615800000, 0x0000000615c00000|  0%| F|  |TAMS 0x0000000615800000, 0x0000000615800000| Untracked 
|  87|0x0000000615c00000, 0x0000000615c00000, 0x0000000616000000|  0%| F|  |TAMS 0x0000000615c00000, 0x0000000615c00000| Untracked 
|  88|0x0000000616000000, 0x0000000616000000, 0x0000000616400000|  0%| F|  |TAMS 0x0000000616000000, 0x0000000616000000| Untracked 
|  89|0x0000000616400000, 0x0000000616400000, 0x0000000616800000|  0%| F|  |TAMS 0x0000000616400000, 0x0000000616400000| Untracked 
|  90|0x0000000616800000, 0x0000000616800000, 0x0000000616c00000|  0%| F|  |TAMS 0x0000000616800000, 0x0000000616800000| Untracked 
|  91|0x0000000616c00000, 0x0000000616c00000, 0x0000000617000000|  0%| F|  |TAMS 0x0000000616c00000, 0x0000000616c00000| Untracked 
|  92|0x0000000617000000, 0x0000000617000000, 0x0000000617400000|  0%| F|  |TAMS 0x0000000617000000, 0x0000000617000000| Untracked 
|  93|0x0000000617400000, 0x0000000617400000, 0x0000000617800000|  0%| F|  |TAMS 0x0000000617400000, 0x0000000617400000| Untracked 
|  94|0x0000000617800000, 0x0000000617800000, 0x0000000617c00000|  0%| F|  |TAMS 0x0000000617800000, 0x0000000617800000| Untracked 
|  95|0x0000000617c00000, 0x0000000617c00000, 0x0000000618000000|  0%| F|  |TAMS 0x0000000617c00000, 0x0000000617c00000| Untracked 
|  96|0x0000000618000000, 0x0000000618000000, 0x0000000618400000|  0%| F|  |TAMS 0x0000000618000000, 0x0000000618000000| Untracked 
|  97|0x0000000618400000, 0x0000000618400000, 0x0000000618800000|  0%| F|  |TAMS 0x0000000618400000, 0x0000000618400000| Untracked 
|  98|0x0000000618800000, 0x0000000618800000, 0x0000000618c00000|  0%| F|  |TAMS 0x0000000618800000, 0x0000000618800000| Untracked 
|  99|0x0000000618c00000, 0x0000000618c00000, 0x0000000619000000|  0%| F|  |TAMS 0x0000000618c00000, 0x0000000618c00000| Untracked 
| 100|0x0000000619000000, 0x0000000619000000, 0x0000000619400000|  0%| F|  |TAMS 0x0000000619000000, 0x0000000619000000| Untracked 
| 101|0x0000000619400000, 0x0000000619400000, 0x0000000619800000|  0%| F|  |TAMS 0x0000000619400000, 0x0000000619400000| Untracked 
| 102|0x0000000619800000, 0x0000000619800000, 0x0000000619c00000|  0%| F|  |TAMS 0x0000000619800000, 0x0000000619800000| Untracked 
| 103|0x0000000619c00000, 0x0000000619c00000, 0x000000061a000000|  0%| F|  |TAMS 0x0000000619c00000, 0x0000000619c00000| Untracked 
| 104|0x000000061a000000, 0x000000061a000000, 0x000000061a400000|  0%| F|  |TAMS 0x000000061a000000, 0x000000061a000000| Untracked 
| 105|0x000000061a400000, 0x000000061a400000, 0x000000061a800000|  0%| F|  |TAMS 0x000000061a400000, 0x000000061a400000| Untracked 
| 106|0x000000061a800000, 0x000000061a800000, 0x000000061ac00000|  0%| F|  |TAMS 0x000000061a800000, 0x000000061a800000| Untracked 
| 107|0x000000061ac00000, 0x000000061ac00000, 0x000000061b000000|  0%| F|  |TAMS 0x000000061ac00000, 0x000000061ac00000| Untracked 
| 108|0x000000061b000000, 0x000000061b000000, 0x000000061b400000|  0%| F|  |TAMS 0x000000061b000000, 0x000000061b000000| Untracked 
| 109|0x000000061b400000, 0x000000061b400000, 0x000000061b800000|  0%| F|  |TAMS 0x000000061b400000, 0x000000061b400000| Untracked 
| 110|0x000000061b800000, 0x000000061b800000, 0x000000061bc00000|  0%| F|  |TAMS 0x000000061b800000, 0x000000061b800000| Untracked 
| 111|0x000000061bc00000, 0x000000061bc00000, 0x000000061c000000|  0%| F|  |TAMS 0x000000061bc00000, 0x000000061bc00000| Untracked 
| 112|0x000000061c000000, 0x000000061c000000, 0x000000061c400000|  0%| F|  |TAMS 0x000000061c000000, 0x000000061c000000| Untracked 
| 113|0x000000061c400000, 0x000000061c400000, 0x000000061c800000|  0%| F|  |TAMS 0x000000061c400000, 0x000000061c400000| Untracked 
| 114|0x000000061c800000, 0x000000061c800000, 0x000000061cc00000|  0%| F|  |TAMS 0x000000061c800000, 0x000000061c800000| Untracked 
| 115|0x000000061cc00000, 0x000000061cc00000, 0x000000061d000000|  0%| F|  |TAMS 0x000000061cc00000, 0x000000061cc00000| Untracked 
| 116|0x000000061d000000, 0x000000061d000000, 0x000000061d400000|  0%| F|  |TAMS 0x000000061d000000, 0x000000061d000000| Untracked 
| 117|0x000000061d400000, 0x000000061d400000, 0x000000061d800000|  0%| F|  |TAMS 0x000000061d400000, 0x000000061d400000| Untracked 
| 118|0x000000061d800000, 0x000000061d800000, 0x000000061dc00000|  0%| F|  |TAMS 0x000000061d800000, 0x000000061d800000| Untracked 
| 119|0x000000061dc00000, 0x000000061dc00000, 0x000000061e000000|  0%| F|  |TAMS 0x000000061dc00000, 0x000000061dc00000| Untracked 
| 120|0x000000061e000000, 0x000000061e000000, 0x000000061e400000|  0%| F|  |TAMS 0x000000061e000000, 0x000000061e000000| Untracked 
| 121|0x000000061e400000, 0x000000061e400000, 0x000000061e800000|  0%| F|  |TAMS 0x000000061e400000, 0x000000061e400000| Untracked 
| 122|0x000000061e800000, 0x000000061e800000, 0x000000061ec00000|  0%| F|  |TAMS 0x000000061e800000, 0x000000061e800000| Untracked 
| 123|0x000000061ec00000, 0x000000061ec00000, 0x000000061f000000|  0%| F|  |TAMS 0x000000061ec00000, 0x000000061ec00000| Untracked 
| 124|0x000000061f000000, 0x000000061f000000, 0x000000061f400000|  0%| F|  |TAMS 0x000000061f000000, 0x000000061f000000| Untracked 
| 125|0x000000061f400000, 0x000000061f400000, 0x000000061f800000|  0%| F|  |TAMS 0x000000061f400000, 0x000000061f400000| Untracked 
| 126|0x000000061f800000, 0x000000061f800000, 0x000000061fc00000|  0%| F|  |TAMS 0x000000061f800000, 0x000000061f800000| Untracked 
| 127|0x000000061fc00000, 0x000000061fc00000, 0x0000000620000000|  0%| F|  |TAMS 0x000000061fc00000, 0x000000061fc00000| Untracked 
| 128|0x0000000620000000, 0x0000000620000000, 0x0000000620400000|  0%| F|  |TAMS 0x0000000620000000, 0x0000000620000000| Untracked 
| 129|0x0000000620400000, 0x0000000620400000, 0x0000000620800000|  0%| F|  |TAMS 0x0000000620400000, 0x0000000620400000| Untracked 
| 130|0x0000000620800000, 0x0000000620800000, 0x0000000620c00000|  0%| F|  |TAMS 0x0000000620800000, 0x0000000620800000| Untracked 
| 131|0x0000000620c00000, 0x0000000620c00000, 0x0000000621000000|  0%| F|  |TAMS 0x0000000620c00000, 0x0000000620c00000| Untracked 
| 132|0x0000000621000000, 0x0000000621000000, 0x0000000621400000|  0%| F|  |TAMS 0x0000000621000000, 0x0000000621000000| Untracked 
| 133|0x0000000621400000, 0x0000000621400000, 0x0000000621800000|  0%| F|  |TAMS 0x0000000621400000, 0x0000000621400000| Untracked 
| 134|0x0000000621800000, 0x0000000621800000, 0x0000000621c00000|  0%| F|  |TAMS 0x0000000621800000, 0x0000000621800000| Untracked 
| 135|0x0000000621c00000, 0x0000000621c00000, 0x0000000622000000|  0%| F|  |TAMS 0x0000000621c00000, 0x0000000621c00000| Untracked 
| 136|0x0000000622000000, 0x0000000622000000, 0x0000000622400000|  0%| F|  |TAMS 0x0000000622000000, 0x0000000622000000| Untracked 
| 137|0x0000000622400000, 0x0000000622400000, 0x0000000622800000|  0%| F|  |TAMS 0x0000000622400000, 0x0000000622400000| Untracked 
| 138|0x0000000622800000, 0x0000000622800000, 0x0000000622c00000|  0%| F|  |TAMS 0x0000000622800000, 0x0000000622800000| Untracked 
| 139|0x0000000622c00000, 0x0000000622c00000, 0x0000000623000000|  0%| F|  |TAMS 0x0000000622c00000, 0x0000000622c00000| Untracked 
| 140|0x0000000623000000, 0x0000000623000000, 0x0000000623400000|  0%| F|  |TAMS 0x0000000623000000, 0x0000000623000000| Untracked 
| 141|0x0000000623400000, 0x0000000623400000, 0x0000000623800000|  0%| F|  |TAMS 0x0000000623400000, 0x0000000623400000| Untracked 
| 142|0x0000000623800000, 0x0000000623800000, 0x0000000623c00000|  0%| F|  |TAMS 0x0000000623800000, 0x0000000623800000| Untracked 
| 143|0x0000000623c00000, 0x0000000623c00000, 0x0000000624000000|  0%| F|  |TAMS 0x0000000623c00000, 0x0000000623c00000| Untracked 
| 144|0x0000000624000000, 0x0000000624000000, 0x0000000624400000|  0%| F|  |TAMS 0x0000000624000000, 0x0000000624000000| Untracked 
| 145|0x0000000624400000, 0x0000000624400000, 0x0000000624800000|  0%| F|  |TAMS 0x0000000624400000, 0x0000000624400000| Untracked 
| 146|0x0000000624800000, 0x0000000624800000, 0x0000000624c00000|  0%| F|  |TAMS 0x0000000624800000, 0x0000000624800000| Untracked 
| 147|0x0000000624c00000, 0x0000000624c00000, 0x0000000625000000|  0%| F|  |TAMS 0x0000000624c00000, 0x0000000624c00000| Untracked 
| 148|0x0000000625000000, 0x0000000625000000, 0x0000000625400000|  0%| F|  |TAMS 0x0000000625000000, 0x0000000625000000| Untracked 
| 149|0x0000000625400000, 0x0000000625400000, 0x0000000625800000|  0%| F|  |TAMS 0x0000000625400000, 0x0000000625400000| Untracked 
| 150|0x0000000625800000, 0x0000000625800000, 0x0000000625c00000|  0%| F|  |TAMS 0x0000000625800000, 0x0000000625800000| Untracked 
| 151|0x0000000625c00000, 0x0000000625c00000, 0x0000000626000000|  0%| F|  |TAMS 0x0000000625c00000, 0x0000000625c00000| Untracked 
| 152|0x0000000626000000, 0x0000000626000000, 0x0000000626400000|  0%| F|  |TAMS 0x0000000626000000, 0x0000000626000000| Untracked 
| 153|0x0000000626400000, 0x0000000626400000, 0x0000000626800000|  0%| F|  |TAMS 0x0000000626400000, 0x0000000626400000| Untracked 
| 154|0x0000000626800000, 0x0000000626800000, 0x0000000626c00000|  0%| F|  |TAMS 0x0000000626800000, 0x0000000626800000| Untracked 
| 155|0x0000000626c00000, 0x0000000626c00000, 0x0000000627000000|  0%| F|  |TAMS 0x0000000626c00000, 0x0000000626c00000| Untracked 
| 156|0x0000000627000000, 0x0000000627000000, 0x0000000627400000|  0%| F|  |TAMS 0x0000000627000000, 0x0000000627000000| Untracked 
| 157|0x0000000627400000, 0x0000000627400000, 0x0000000627800000|  0%| F|  |TAMS 0x0000000627400000, 0x0000000627400000| Untracked 
| 158|0x0000000627800000, 0x0000000627800000, 0x0000000627c00000|  0%| F|  |TAMS 0x0000000627800000, 0x0000000627800000| Untracked 
| 159|0x0000000627c00000, 0x0000000627c00000, 0x0000000628000000|  0%| F|  |TAMS 0x0000000627c00000, 0x0000000627c00000| Untracked 
| 160|0x0000000628000000, 0x0000000628000000, 0x0000000628400000|  0%| F|  |TAMS 0x0000000628000000, 0x0000000628000000| Untracked 
| 161|0x0000000628400000, 0x0000000628400000, 0x0000000628800000|  0%| F|  |TAMS 0x0000000628400000, 0x0000000628400000| Untracked 
| 162|0x0000000628800000, 0x0000000628800000, 0x0000000628c00000|  0%| F|  |TAMS 0x0000000628800000, 0x0000000628800000| Untracked 
| 163|0x0000000628c00000, 0x0000000628c00000, 0x0000000629000000|  0%| F|  |TAMS 0x0000000628c00000, 0x0000000628c00000| Untracked 
| 164|0x0000000629000000, 0x0000000629000000, 0x0000000629400000|  0%| F|  |TAMS 0x0000000629000000, 0x0000000629000000| Untracked 
| 165|0x0000000629400000, 0x0000000629400000, 0x0000000629800000|  0%| F|  |TAMS 0x0000000629400000, 0x0000000629400000| Untracked 
| 166|0x0000000629800000, 0x0000000629800000, 0x0000000629c00000|  0%| F|  |TAMS 0x0000000629800000, 0x0000000629800000| Untracked 
| 167|0x0000000629c00000, 0x0000000629c00000, 0x000000062a000000|  0%| F|  |TAMS 0x0000000629c00000, 0x0000000629c00000| Untracked 
| 168|0x000000062a000000, 0x000000062a000000, 0x000000062a400000|  0%| F|  |TAMS 0x000000062a000000, 0x000000062a000000| Untracked 
| 169|0x000000062a400000, 0x000000062a400000, 0x000000062a800000|  0%| F|  |TAMS 0x000000062a400000, 0x000000062a400000| Untracked 
| 170|0x000000062a800000, 0x000000062a800000, 0x000000062ac00000|  0%| F|  |TAMS 0x000000062a800000, 0x000000062a800000| Untracked 
| 171|0x000000062ac00000, 0x000000062ac00000, 0x000000062b000000|  0%| F|  |TAMS 0x000000062ac00000, 0x000000062ac00000| Untracked 
| 172|0x000000062b000000, 0x000000062b000000, 0x000000062b400000|  0%| F|  |TAMS 0x000000062b000000, 0x000000062b000000| Untracked 
| 173|0x000000062b400000, 0x000000062b400000, 0x000000062b800000|  0%| F|  |TAMS 0x000000062b400000, 0x000000062b400000| Untracked 
| 174|0x000000062b800000, 0x000000062b800000, 0x000000062bc00000|  0%| F|  |TAMS 0x000000062b800000, 0x000000062b800000| Untracked 
| 175|0x000000062bc00000, 0x000000062bc00000, 0x000000062c000000|  0%| F|  |TAMS 0x000000062bc00000, 0x000000062bc00000| Untracked 
| 176|0x000000062c000000, 0x000000062c000000, 0x000000062c400000|  0%| F|  |TAMS 0x000000062c000000, 0x000000062c000000| Untracked 
| 177|0x000000062c400000, 0x000000062c400000, 0x000000062c800000|  0%| F|  |TAMS 0x000000062c400000, 0x000000062c400000| Untracked 
| 178|0x000000062c800000, 0x000000062c800000, 0x000000062cc00000|  0%| F|  |TAMS 0x000000062c800000, 0x000000062c800000| Untracked 
| 179|0x000000062cc00000, 0x000000062cc00000, 0x000000062d000000|  0%| F|  |TAMS 0x000000062cc00000, 0x000000062cc00000| Untracked 

Card table byte_map: [0x00000271bf9f0000,0x00000271c09f0000] _byte_map_base: 0x00000271bc9f0000

Marking Bits (Prev, Next): (CMBitMap*) 0x0000027194b3a5e0, (CMBitMap*) 0x0000027194b3a620
 Prev Bits: [0x00000271c19f0000, 0x00000271c99f0000)
 Next Bits: [0x00000271c99f0000, 0x00000271d19f0000)

Polling page: 0x00000271949f0000

Metaspace:

Usage:
  Non-class:     90.95 MB used.
      Class:     14.46 MB used.
       Both:    105.41 MB used.

Virtual space:
  Non-class space:      128.00 MB reserved,      91.50 MB ( 71%) committed,  2 nodes.
      Class space:        1.00 GB reserved,      15.00 MB (  1%) committed,  1 nodes.
             Both:        1.12 GB reserved,     106.50 MB (  9%) committed. 

Chunk freelists:
   Non-Class:  4.02 MB
       Class:  944.00 KB
        Both:  4.94 MB

MaxMetaspaceSize: 4.00 GB
CompressedClassSpaceSize: 1.00 GB
Initial GC threshold: 21.00 MB
Current GC threshold: 177.50 MB
CDS: on
MetaspaceReclaimPolicy: balanced
 - commit_granule_bytes: 65536.
 - commit_granule_words: 8192.
 - virtual_space_node_default_size: 8388608.
 - enlarge_chunks_in_place: 1.
 - new_chunks_are_fully_committed: 0.
 - uncommit_free_chunks: 1.
 - use_allocation_guard: 0.
 - handle_deallocations: 1.


Internal statistics:

num_allocs_failed_limit: 9.
num_arena_births: 1700.
num_arena_deaths: 0.
num_vsnodes_births: 3.
num_vsnodes_deaths: 0.
num_space_committed: 1704.
num_space_uncommitted: 0.
num_chunks_returned_to_freelist: 9.
num_chunks_taken_from_freelist: 6464.
num_chunk_merges: 9.
num_chunk_splits: 4041.
num_chunks_enlarged: 2426.
num_purges: 0.
num_inconsistent_stats: 0.

CodeHeap 'non-profiled nmethods': size=259264Kb used=15980Kb max_used=15980Kb free=243283Kb
 bounds [0x00000271ade20000, 0x00000271aede0000, 0x00000271bdb50000]
CodeHeap 'profiled nmethods': size=259264Kb used=29209Kb max_used=30215Kb free=230054Kb
 bounds [0x000002719db50000, 0x000002719f910000, 0x00000271ad880000]
CodeHeap 'non-nmethods': size=5760Kb used=2474Kb max_used=2634Kb free=3285Kb
 bounds [0x00000271ad880000, 0x00000271adb50000, 0x00000271ade20000]
 total_blobs=15692 nmethods=14678 adapters=925
 compilation: enabled
              stopped_count=0, restarted_count=0
 full_count=0

Compilation events (20 events):
Event: 3322.102 Thread 0x00000271d476ed30 nmethod 18185 0x000002719f7d2e90 code [0x000002719f7d30e0, 0x000002719f7d3908]
Event: 3322.102 Thread 0x0000027223950c00 18182       4       org.objectweb.asm.MethodVisitor::visitVarInsn (17 bytes)
Event: 3322.128 Thread 0x0000027223950c00 nmethod 18182 0x00000271aeb8ae10 code [0x00000271aeb8b060, 0x00000271aeb8c120]
Event: 3322.128 Thread 0x0000027223950c00 18184       4       org.objectweb.asm.MethodWriter::visitVarInsn (302 bytes)
Event: 3322.142 Thread 0x0000027223950c00 nmethod 18184 0x00000271aeb8a190 code [0x00000271aeb8a360, 0x00000271aeb8a960]
Event: 3322.142 Thread 0x0000027223950c00 18177       4       java.lang.StringUTF16::replace (168 bytes)
Event: 3322.164 Thread 0x0000027223950c00 nmethod 18177 0x00000271aec5b510 code [0x00000271aec5b6a0, 0x00000271aec5bc38]
Event: 3322.164 Thread 0x0000027223950c00 18179   !   4       java.util.regex.Pattern::<init> (144 bytes)
Event: 3322.168 Thread 0x0000027223950c00 nmethod 18179 0x00000271aec5ae90 code [0x00000271aec5b040, 0x00000271aec5b2f8]
Event: 3322.223 Thread 0x00000271d476dc00 nmethod 18176% 0x00000271aed8f490 code [0x00000271aed8ff00, 0x00000271aeda10c8]
Event: 3322.246 Thread 0x0000027223950c00 18186       4       org.objectweb.asm.ClassReader::readCode (5117 bytes)
Event: 3322.585 Thread 0x00000271d476ed30 18187       3       java.util.stream.SpinedBuffer::copyInto (129 bytes)
Event: 3322.586 Thread 0x00000271d476ed30 nmethod 18187 0x000002719e3de610 code [0x000002719e3de840, 0x000002719e3df318]
Event: 3322.608 Thread 0x00000271d476dc00 18188       4       org.objectweb.asm.ClassReader::readElementValue (1237 bytes)
Event: 3322.876 Thread 0x00000271d476dc00 nmethod 18188 0x00000271aedad010 code [0x00000271aedad500, 0x00000271aedb3e58]
Event: 3323.261 Thread 0x00000271d476ed30 18189   !   3       org.gradle.api.internal.file.archive.impl.FileZipInput::create (41 bytes)
Event: 3323.261 Thread 0x00000271d476ed30 nmethod 18189 0x000002719ddb0110 code [0x000002719ddb0300, 0x000002719ddb0748]
Event: 3323.770 Thread 0x00000271d476dc00 18190   !   4       jdk.proxy1.$Proxy0::onOutput (34 bytes)
Event: 3323.784 Thread 0x00000271d476dc00 nmethod 18190 0x00000271aeb6e410 code [0x00000271aeb6e5e0, 0x00000271aeb6ed38]
Event: 3323.925 Thread 0x0000027223950c00 nmethod 18186 0x00000271aedb7d10 code [0x00000271aedb8700, 0x00000271aedc9b58]

GC Heap History (20 events):
Event: 3313.930 GC heap after
{Heap after GC invocations=84 (full 0):
 garbage-first heap   total 532480K, used 139607K [0x0000000600000000, 0x0000000800000000)
  region size 4096K, 1 young (4096K), 1 survivors (4096K)
 Metaspace       used 107935K, committed 109056K, reserved 1179648K
  class space    used 14810K, committed 15360K, reserved 1048576K
}
Event: 3315.392 GC heap before
{Heap before GC invocations=84 (full 0):
 garbage-first heap   total 532480K, used 454999K [0x0000000600000000, 0x0000000800000000)
  region size 4096K, 78 young (319488K), 1 survivors (4096K)
 Metaspace       used 107936K, committed 109056K, reserved 1179648K
  class space    used 14810K, committed 15360K, reserved 1048576K
}
Event: 3315.400 GC heap after
{Heap after GC invocations=85 (full 0):
 garbage-first heap   total 638976K, used 141652K [0x0000000600000000, 0x0000000800000000)
  region size 4096K, 2 young (8192K), 2 survivors (8192K)
 Metaspace       used 107936K, committed 109056K, reserved 1179648K
  class space    used 14810K, committed 15360K, reserved 1048576K
}
Event: 3316.990 GC heap before
{Heap before GC invocations=86 (full 0):
 garbage-first heap   total 573440K, used 477524K [0x0000000600000000, 0x0000000800000000)
  region size 4096K, 84 young (344064K), 2 survivors (8192K)
 Metaspace       used 107936K, committed 109056K, reserved 1179648K
  class space    used 14810K, committed 15360K, reserved 1048576K
}
Event: 3316.999 GC heap after
{Heap after GC invocations=87 (full 0):
 garbage-first heap   total 573440K, used 143899K [0x0000000600000000, 0x0000000800000000)
  region size 4096K, 2 young (8192K), 2 survivors (8192K)
 Metaspace       used 107936K, committed 109056K, reserved 1179648K
  class space    used 14810K, committed 15360K, reserved 1048576K
}
Event: 3317.059 GC heap before
{Heap before GC invocations=87 (full 0):
 garbage-first heap   total 573440K, used 164379K [0x0000000600000000, 0x0000000800000000)
  region size 4096K, 7 young (28672K), 2 survivors (8192K)
 Metaspace       used 107936K, committed 109056K, reserved 1179648K
  class space    used 14810K, committed 15360K, reserved 1048576K
}
Event: 3317.070 GC heap after
{Heap after GC invocations=88 (full 0):
 garbage-first heap   total 573440K, used 144618K [0x0000000600000000, 0x0000000800000000)
  region size 4096K, 1 young (4096K), 1 survivors (4096K)
 Metaspace       used 107936K, committed 109056K, reserved 1179648K
  class space    used 14810K, committed 15360K, reserved 1048576K
}
Event: 3318.334 GC heap before
{Heap before GC invocations=88 (full 0):
 garbage-first heap   total 573440K, used 484586K [0x0000000600000000, 0x0000000800000000)
  region size 4096K, 84 young (344064K), 1 survivors (4096K)
 Metaspace       used 107936K, committed 109056K, reserved 1179648K
  class space    used 14810K, committed 15360K, reserved 1048576K
}
Event: 3318.339 GC heap after
{Heap after GC invocations=89 (full 0):
 garbage-first heap   total 573440K, used 145569K [0x0000000600000000, 0x0000000800000000)
  region size 4096K, 1 young (4096K), 1 survivors (4096K)
 Metaspace       used 107936K, committed 109056K, reserved 1179648K
  class space    used 14810K, committed 15360K, reserved 1048576K
}
Event: 3319.661 GC heap before
{Heap before GC invocations=90 (full 0):
 garbage-first heap   total 573440K, used 485537K [0x0000000600000000, 0x0000000800000000)
  region size 4096K, 84 young (344064K), 1 survivors (4096K)
 Metaspace       used 107936K, committed 109056K, reserved 1179648K
  class space    used 14810K, committed 15360K, reserved 1048576K
}
Event: 3319.667 GC heap after
{Heap after GC invocations=91 (full 0):
 garbage-first heap   total 573440K, used 147581K [0x0000000600000000, 0x0000000800000000)
  region size 4096K, 1 young (4096K), 1 survivors (4096K)
 Metaspace       used 107936K, committed 109056K, reserved 1179648K
  class space    used 14810K, committed 15360K, reserved 1048576K
}
Event: 3319.734 GC heap before
{Heap before GC invocations=91 (full 0):
 garbage-first heap   total 573440K, used 172157K [0x0000000600000000, 0x0000000800000000)
  region size 4096K, 7 young (28672K), 1 survivors (4096K)
 Metaspace       used 107936K, committed 109056K, reserved 1179648K
  class space    used 14810K, committed 15360K, reserved 1048576K
}
Event: 3319.744 GC heap after
{Heap after GC invocations=92 (full 0):
 garbage-first heap   total 573440K, used 147890K [0x0000000600000000, 0x0000000800000000)
  region size 4096K, 1 young (4096K), 1 survivors (4096K)
 Metaspace       used 107936K, committed 109056K, reserved 1179648K
  class space    used 14810K, committed 15360K, reserved 1048576K
}
Event: 3321.062 GC heap before
{Heap before GC invocations=92 (full 0):
 garbage-first heap   total 573440K, used 487858K [0x0000000600000000, 0x0000000800000000)
  region size 4096K, 84 young (344064K), 1 survivors (4096K)
 Metaspace       used 107938K, committed 109056K, reserved 1179648K
  class space    used 14810K, committed 15360K, reserved 1048576K
}
Event: 3321.071 GC heap after
{Heap after GC invocations=93 (full 0):
 garbage-first heap   total 573440K, used 149585K [0x0000000600000000, 0x0000000800000000)
  region size 4096K, 2 young (8192K), 2 survivors (8192K)
 Metaspace       used 107938K, committed 109056K, reserved 1179648K
  class space    used 14810K, committed 15360K, reserved 1048576K
}
Event: 3322.442 GC heap before
{Heap before GC invocations=94 (full 0):
 garbage-first heap   total 573440K, used 485457K [0x0000000600000000, 0x0000000800000000)
  region size 4096K, 84 young (344064K), 2 survivors (8192K)
 Metaspace       used 107939K, committed 109056K, reserved 1179648K
  class space    used 14810K, committed 15360K, reserved 1048576K
}
Event: 3322.454 GC heap after
{Heap after GC invocations=95 (full 0):
 garbage-first heap   total 573440K, used 151450K [0x0000000600000000, 0x0000000800000000)
  region size 4096K, 2 young (8192K), 2 survivors (8192K)
 Metaspace       used 107939K, committed 109056K, reserved 1179648K
  class space    used 14810K, committed 15360K, reserved 1048576K
}
Event: 3322.525 GC heap before
{Heap before GC invocations=95 (full 0):
 garbage-first heap   total 573440K, used 171930K [0x0000000600000000, 0x0000000800000000)
  region size 4096K, 7 young (28672K), 2 survivors (8192K)
 Metaspace       used 107939K, committed 109056K, reserved 1179648K
  class space    used 14810K, committed 15360K, reserved 1048576K
}
Event: 3322.549 GC heap after
{Heap after GC invocations=96 (full 0):
 garbage-first heap   total 573440K, used 149936K [0x0000000600000000, 0x0000000800000000)
  region size 4096K, 1 young (4096K), 1 survivors (4096K)
 Metaspace       used 107939K, committed 109056K, reserved 1179648K
  class space    used 14810K, committed 15360K, reserved 1048576K
}
Event: 3324.044 GC heap before
{Heap before GC invocations=96 (full 0):
 garbage-first heap   total 573440K, used 489904K [0x0000000600000000, 0x0000000800000000)
  region size 4096K, 84 young (344064K), 1 survivors (4096K)
 Metaspace       used 107941K, committed 109056K, reserved 1179648K
  class space    used 14810K, committed 15360K, reserved 1048576K
}

Deoptimization events (20 events):
Event: 3323.742 Thread 0x000002721d6d91e0 DEOPT PACKING pc=0x000002719f903d1a sp=0x000000cb3ecf2bd0
Event: 3323.742 Thread 0x000002721d6d91e0 DEOPT UNPACKING pc=0x00000271ad8d2b43 sp=0x000000cb3ecf23c0 mode 0
Event: 3323.763 Thread 0x000002721d6d91e0 DEOPT PACKING pc=0x000002719f903d1a sp=0x000000cb3ecf2bd0
Event: 3323.763 Thread 0x000002721d6d91e0 DEOPT UNPACKING pc=0x00000271ad8d2b43 sp=0x000000cb3ecf23c0 mode 0
Event: 3323.811 Thread 0x000002721d6d91e0 DEOPT PACKING pc=0x000002719f904580 sp=0x000000cb3ecf2bd0
Event: 3323.811 Thread 0x000002721d6d91e0 DEOPT UNPACKING pc=0x00000271ad8d2b43 sp=0x000000cb3ecf23c0 mode 0
Event: 3323.824 Thread 0x000002721d6d91e0 DEOPT PACKING pc=0x000002719f903d1a sp=0x000000cb3ecf2bd0
Event: 3323.824 Thread 0x000002721d6d91e0 DEOPT UNPACKING pc=0x00000271ad8d2b43 sp=0x000000cb3ecf23c0 mode 0
Event: 3323.833 Thread 0x000002721d6d91e0 DEOPT PACKING pc=0x000002719f904580 sp=0x000000cb3ecf2bd0
Event: 3323.833 Thread 0x000002721d6d91e0 DEOPT UNPACKING pc=0x00000271ad8d2b43 sp=0x000000cb3ecf23c0 mode 0
Event: 3323.843 Thread 0x000002721d6d91e0 DEOPT PACKING pc=0x000002719f903d1a sp=0x000000cb3ecf2bd0
Event: 3323.843 Thread 0x000002721d6d91e0 DEOPT UNPACKING pc=0x00000271ad8d2b43 sp=0x000000cb3ecf23c0 mode 0
Event: 3323.854 Thread 0x000002721d6d91e0 DEOPT PACKING pc=0x000002719f903d1a sp=0x000000cb3ecf2bd0
Event: 3323.854 Thread 0x000002721d6d91e0 DEOPT UNPACKING pc=0x00000271ad8d2b43 sp=0x000000cb3ecf23c0 mode 0
Event: 3323.874 Thread 0x000002721d6d91e0 DEOPT PACKING pc=0x000002719f903d1a sp=0x000000cb3ecf2bd0
Event: 3323.874 Thread 0x000002721d6d91e0 DEOPT UNPACKING pc=0x00000271ad8d2b43 sp=0x000000cb3ecf23c0 mode 0
Event: 3323.884 Thread 0x000002721d6d91e0 DEOPT PACKING pc=0x000002719f904580 sp=0x000000cb3ecf2bd0
Event: 3323.884 Thread 0x000002721d6d91e0 DEOPT UNPACKING pc=0x00000271ad8d2b43 sp=0x000000cb3ecf23c0 mode 0
Event: 3323.922 Thread 0x000002721d6d91e0 DEOPT PACKING pc=0x000002719f903d1a sp=0x000000cb3ecf2bd0
Event: 3323.922 Thread 0x000002721d6d91e0 DEOPT UNPACKING pc=0x00000271ad8d2b43 sp=0x000000cb3ecf23c0 mode 0

Classes unloaded (0 events):
No events

Classes redefined (0 events):
No events

Internal exceptions (20 events):
Event: 3286.880 Thread 0x000002721d6d91e0 Exception <a 'java/lang/NoSuchMethodError'{0x000000061879c1f0}: static Lorg/gradle/tooling/internal/consumer/versioning/VersionDetails$R44VersionDetails;.<clinit>()V> (0x000000061879c1f0) 
thrown [s\open\src\hotspot\share\prims\jni.cpp, line 1107]
Event: 3286.880 Thread 0x000002721d6d91e0 Exception <a 'java/lang/NoSuchMethodError'{0x000000061879d7f8}: static Lorg/gradle/tooling/internal/consumer/versioning/VersionDetails$R48VersionDetails;.<clinit>()V> (0x000000061879d7f8) 
thrown [s\open\src\hotspot\share\prims\jni.cpp, line 1107]
Event: 3286.880 Thread 0x000002721d6d91e0 Exception <a 'java/lang/NoSuchMethodError'{0x000000061879e9f8}: static Lorg/gradle/tooling/internal/consumer/versioning/VersionDetails$R51VersionDetails;.<clinit>()V> (0x000000061879e9f8) 
thrown [s\open\src\hotspot\share\prims\jni.cpp, line 1107]
Event: 3286.903 Thread 0x000002721d6d91e0 Exception <a 'java/lang/NoSuchMethodError'{0x00000006187b0680}: static [Lorg/gradle/tooling/BuildAction;.<clinit>()V> (0x00000006187b0680) 
thrown [s\open\src\hotspot\share\prims\jni.cpp, line 1107]
Event: 3286.908 Thread 0x000002721d6d91e0 Exception <a 'java/lang/NoSuchMethodError'{0x00000006187c10f0}: static Lorg/eclipse/buildship/core/internal/workspace/TellGradleToRunSynchronizationTasks;.<clinit>()V> (0x00000006187c10f0) 
thrown [s\open\src\hotspot\share\prims\jni.cpp, line 1107]
Event: 3287.536 Thread 0x000002721d6d91e0 Exception <a 'sun/nio/fs/WindowsException'{0x0000000618133540}> (0x0000000618133540) 
thrown [s\open\src\hotspot\share\prims\jni.cpp, line 516]
Event: 3287.539 Thread 0x000002721d6d91e0 Exception <a 'sun/nio/fs/WindowsException'{0x0000000618134d30}> (0x0000000618134d30) 
thrown [s\open\src\hotspot\share\prims\jni.cpp, line 516]
Event: 3287.558 Thread 0x000002721d6d91e0 Exception <a 'sun/nio/fs/WindowsException'{0x00000006181373c0}> (0x00000006181373c0) 
thrown [s\open\src\hotspot\share\prims\jni.cpp, line 516]
Event: 3287.889 Thread 0x000002721d6d91e0 Exception <a 'sun/nio/fs/WindowsException'{0x00000006182a41d8}> (0x00000006182a41d8) 
thrown [s\open\src\hotspot\share\prims\jni.cpp, line 516]
Event: 3287.891 Thread 0x000002721d6d91e0 Exception <a 'sun/nio/fs/WindowsException'{0x00000006182a5f18}> (0x00000006182a5f18) 
thrown [s\open\src\hotspot\share\prims\jni.cpp, line 516]
Event: 3287.894 Thread 0x000002721d6d91e0 Exception <a 'sun/nio/fs/WindowsException'{0x00000006182a7c58}> (0x00000006182a7c58) 
thrown [s\open\src\hotspot\share\prims\jni.cpp, line 516]
Event: 3287.895 Thread 0x000002721d6d91e0 Exception <a 'sun/nio/fs/WindowsException'{0x00000006182a95a8}> (0x00000006182a95a8) 
thrown [s\open\src\hotspot\share\prims\jni.cpp, line 516]
Event: 3288.457 Thread 0x000002721d6d96b0 Exception <a 'java/lang/NoSuchMethodError'{0x000000061836b7d8}: static Lorg/gradle/internal/build/event/types/DefaultFileDownloadDescriptor;.<clinit>()V> (0x000000061836b7d8) 
thrown [s\open\src\hotspot\share\prims\jni.cpp, line 1107]
Event: 3288.983 Thread 0x000002721d6d91e0 Exception <a 'java/lang/NoSuchMethodError'{0x0000000617d7efb8}: 'void java.lang.invoke.DirectMethodHandle$Holder.invokeVirtual(java.lang.Object, java.lang.Object, long)'> (0x0000000617d7efb8) 
thrown [s\open\src\hotspot\share\interpreter\linkResolver.cpp, line 759]
Event: 3289.008 Thread 0x000002721d6d96b0 Exception <a 'java/lang/NoSuchMethodError'{0x0000000618376fd0}: static Lorg/gradle/internal/build/event/types/DefaultFileDownloadSuccessResult;.<clinit>()V> (0x0000000618376fd0) 
thrown [s\open\src\hotspot\share\prims\jni.cpp, line 1107]
Event: 3289.014 Thread 0x000002721d6d91e0 Implicit null exception at 0x00000271ae653b04 to 0x00000271ae653ce8
Event: 3289.308 Thread 0x000002721d6d91e0 Exception <a 'java/lang/NoSuchMethodError'{0x0000000617eeb6e8}: 'int java.lang.invoke.DirectMethodHandle$Holder.invokeSpecial(java.lang.Object, java.lang.Object, int)'> (0x0000000617eeb6e8) 
thrown [s\open\src\hotspot\share\interpreter\linkResolver.cpp, line 759]
Event: 3291.200 Thread 0x000002721d6d96b0 Exception <a 'java/lang/NoSuchMethodError'{0x0000000617bb62c8}: static Lorg/gradle/internal/build/event/types/DefaultStatusEvent;.<clinit>()V> (0x0000000617bb62c8) 
thrown [s\open\src\hotspot\share\prims\jni.cpp, line 1107]
Event: 3300.184 Thread 0x000002721d6d91e0 Exception <a 'sun/nio/fs/WindowsException'{0x000000061364c050}> (0x000000061364c050) 
thrown [s\open\src\hotspot\share\prims\jni.cpp, line 516]
Event: 3300.186 Thread 0x000002721d6d91e0 Exception <a 'sun/nio/fs/WindowsException'{0x000000061364e580}> (0x000000061364e580) 
thrown [s\open\src\hotspot\share\prims\jni.cpp, line 516]

VM Operations (20 events):
Event: 3319.498 Executing VM operation: Cleanup done
Event: 3319.661 Executing VM operation: G1CollectForAllocation
Event: 3319.667 Executing VM operation: G1CollectForAllocation done
Event: 3319.734 Executing VM operation: G1CollectForAllocation
Event: 3319.744 Executing VM operation: G1CollectForAllocation done
Event: 3320.444 Executing VM operation: HandshakeAllThreads
Event: 3320.444 Executing VM operation: HandshakeAllThreads done
Event: 3321.062 Executing VM operation: G1CollectForAllocation
Event: 3321.071 Executing VM operation: G1CollectForAllocation done
Event: 3321.172 Executing VM operation: G1Concurrent
Event: 3321.181 Executing VM operation: G1Concurrent done
Event: 3321.213 Executing VM operation: G1Concurrent
Event: 3321.213 Executing VM operation: G1Concurrent done
Event: 3322.224 Executing VM operation: Cleanup
Event: 3322.239 Executing VM operation: Cleanup done
Event: 3322.442 Executing VM operation: G1CollectForAllocation
Event: 3322.454 Executing VM operation: G1CollectForAllocation done
Event: 3322.525 Executing VM operation: G1CollectForAllocation
Event: 3322.549 Executing VM operation: G1CollectForAllocation done
Event: 3324.043 Executing VM operation: G1CollectForAllocation

Events (20 events):
Event: 3308.503 Thread 0x00000271d4779dd0 flushing nmethod 0x000002719f82b310
Event: 3308.503 Thread 0x00000271d4779dd0 flushing nmethod 0x000002719f82b990
Event: 3308.503 Thread 0x00000271d4779dd0 flushing nmethod 0x000002719f82c290
Event: 3308.503 Thread 0x00000271d4779dd0 flushing nmethod 0x000002719f82c690
Event: 3308.503 Thread 0x00000271d4779dd0 flushing nmethod 0x000002719f82dd90
Event: 3308.503 Thread 0x00000271d4779dd0 flushing nmethod 0x000002719f82f790
Event: 3308.503 Thread 0x00000271d4779dd0 flushing nmethod 0x000002719f830210
Event: 3308.503 Thread 0x00000271d4779dd0 flushing nmethod 0x000002719f830910
Event: 3308.503 Thread 0x00000271d4779dd0 flushing nmethod 0x000002719f832690
Event: 3308.503 Thread 0x00000271d4779dd0 flushing nmethod 0x000002719f836810
Event: 3308.503 Thread 0x00000271d4779dd0 flushing nmethod 0x000002719f83b990
Event: 3308.503 Thread 0x00000271d4779dd0 flushing nmethod 0x000002719f83d990
Event: 3308.503 Thread 0x00000271d4779dd0 flushing nmethod 0x000002719f87cc10
Event: 3308.503 Thread 0x00000271d4779dd0 flushing nmethod 0x000002719f87d510
Event: 3308.503 Thread 0x00000271d4779dd0 flushing nmethod 0x000002719f89d910
Event: 3315.889 Thread 0x000002722394d960 Thread exited: 0x000002722394d960
Event: 3319.761 Thread 0x0000027223950c00 Thread exited: 0x0000027223950c00
Event: 3320.451 Thread 0x00000271d4779dd0 flushing nmethod 0x00000271aec5a410
Event: 3320.452 Thread 0x00000271d4779dd0 flushing nmethod 0x000002719ddb0110
Event: 3322.102 Thread 0x0000027223950c00 Thread added: 0x0000027223950c00


Dynamic libraries:
0x00007ff6843f0000 - 0x00007ff684400000 	C:\Program Files\Java\jdk-17\bin\java.exe
0x00000271946a0000 - 0x0000027194909000 	C:\WINDOWS\SYSTEM32\ntd1l.dll
0x0000027194910000 - 0x00000271949d9000 	C:\WINDOWS\System32\kern3l32.dll
0x00007fff82a80000 - 0x00007fff82ce9000 	C:\WINDOWS\SYSTEM32\ntdll.dll
0x00007fff81e00000 - 0x00007fff81ec9000 	C:\WINDOWS\System32\KERNEL32.DLL
0x00007fff80360000 - 0x00007fff80753000 	C:\WINDOWS\System32\KERNELBASE.dll
0x00007fff7f7c0000 - 0x00007fff7fad3000 	C:\Program Files\SentinelOne\Sentinel Agent 23.1.5.886\InProcessClient64.dll
0x00007fff82720000 - 0x00007fff827d4000 	C:\WINDOWS\System32\ADVAPI32.dll
0x00007fff825f0000 - 0x00007fff82699000 	C:\WINDOWS\System32\msvcrt.dll
0x00007fff81200000 - 0x00007fff812a6000 	C:\WINDOWS\System32\sechost.dll
0x00007fff82920000 - 0x00007fff82a38000 	C:\WINDOWS\System32\RPCRT4.dll
0x00007fff80210000 - 0x00007fff8035b000 	C:\WINDOWS\System32\ucrtbase.dll
0x00007ffed9f30000 - 0x00007ffed9f49000 	C:\Program Files\Java\jdk-17\bin\jli.dll
0x00007ffed9f10000 - 0x00007ffed9f2b000 	C:\Program Files\Java\jdk-17\bin\VCRUNTIME140.dll
0x00007fff81aa0000 - 0x00007fff81c64000 	C:\WINDOWS\System32\USER32.dll
0x00007fff57f10000 - 0x00007fff581a3000 	C:\WINDOWS\WinSxS\amd64_microsoft.windows.common-controls_6595b64144ccf1df_6.0.26100.5074_none_3e0d6f78e32fd63f\COMCTL32.dll
0x00007fff80760000 - 0x00007fff80787000 	C:\WINDOWS\System32\win32u.dll
0x00007fff82520000 - 0x00007fff8254b000 	C:\WINDOWS\System32\GDI32.dll
0x00007fff7fc10000 - 0x00007fff7fd3d000 	C:\WINDOWS\System32\gdi32full.dll
0x00007fff7f740000 - 0x00007fff7f74b000 	C:\WINDOWS\SYSTEM32\VERSION.dll
0x00007fff80160000 - 0x00007fff80203000 	C:\WINDOWS\System32\msvcp_win.dll
0x00007fff7f730000 - 0x00007fff7f73c000 	C:\WINDOWS\SYSTEM32\FLTLIB.DLL
0x00007fff81cc0000 - 0x00007fff81cef000 	C:\WINDOWS\System32\IMM32.DLL
0x00007fff0bbb0000 - 0x00007fff0bbbc000 	C:\Program Files\Java\jdk-17\bin\vcruntime140_1.dll
0x00007ffed9160000 - 0x00007ffed91ee000 	C:\Program Files\Java\jdk-17\bin\msvcp140.dll
0x00007ffe77170000 - 0x00007ffe77d4e000 	C:\Program Files\Java\jdk-17\bin\server\jvm.dll
0x00007fff82550000 - 0x00007fff82558000 	C:\WINDOWS\System32\PSAPI.DLL
0x00007fff4cad0000 - 0x00007fff4cada000 	C:\WINDOWS\SYSTEM32\WSOCK32.dll
0x00007fff828a0000 - 0x00007fff82914000 	C:\WINDOWS\System32\WS2_32.dll
0x00007fff73f80000 - 0x00007fff73fb5000 	C:\WINDOWS\SYSTEM32\WINMM.dll
0x00007fff7e670000 - 0x00007fff7e68b000 	C:\WINDOWS\SYSTEM32\kernel.appcore.dll
0x00007fff0b560000 - 0x00007fff0b56a000 	C:\Program Files\Java\jdk-17\bin\jimage.dll
0x00007fff7c900000 - 0x00007fff7cb42000 	C:\WINDOWS\SYSTEM32\DBGHELP.DLL
0x00007fff81720000 - 0x00007fff81a9b000 	C:\WINDOWS\System32\combase.dll
0x00007fff814e0000 - 0x00007fff815b7000 	C:\WINDOWS\System32\OLEAUT32.dll
0x00007fff5bd60000 - 0x00007fff5bd9d000 	C:\WINDOWS\SYSTEM32\dbgcore.DLL
0x00007fff7fd40000 - 0x00007fff7fdd9000 	C:\WINDOWS\System32\bcryptPrimitives.dll
0x00007fff0b0e0000 - 0x00007fff0b0ee000 	C:\Program Files\Java\jdk-17\bin\instrument.dll
0x00007ffed9ee0000 - 0x00007ffed9f05000 	C:\Program Files\Java\jdk-17\bin\java.dll
0x00007fff0edb0000 - 0x00007fff0ee2b000 	C:\Program Files\SentinelOne\Sentinel Agent 23.1.5.886\SentinelJava64.dll
0x00007fff81310000 - 0x00007fff814a8000 	C:\WINDOWS\System32\ole32.dll
0x00007ffed9080000 - 0x00007ffed9157000 	C:\Program Files\Java\jdk-17\bin\jsvml.dll
0x00007fff80850000 - 0x00007fff80f9d000 	C:\WINDOWS\System32\SHELL32.dll
0x00007fff7fe70000 - 0x00007fff7ffdc000 	C:\WINDOWS\System32\wintypes.dll
0x00007fff7d4f0000 - 0x00007fff7dd49000 	C:\WINDOWS\SYSTEM32\windows.storage.dll
0x00007fff81ee0000 - 0x00007fff81fd0000 	C:\WINDOWS\System32\SHCORE.dll
0x00007fff82010000 - 0x00007fff82072000 	C:\WINDOWS\System32\shlwapi.dll
0x00007fff7fb30000 - 0x00007fff7fb59000 	C:\WINDOWS\SYSTEM32\profapi.dll
0x00007ffed9ec0000 - 0x00007ffed9ed8000 	C:\Program Files\Java\jdk-17\bin\zip.dll
0x00007ffed9e40000 - 0x00007ffed9e59000 	C:\Program Files\Java\jdk-17\bin\net.dll
0x00007fff77320000 - 0x00007fff7743f000 	C:\WINDOWS\SYSTEM32\WINHTTP.dll
0x00007fff7ebd0000 - 0x00007fff7ec3b000 	C:\WINDOWS\system32\mswsock.dll
0x00007ffed9b00000 - 0x00007ffed9b16000 	C:\Program Files\Java\jdk-17\bin\nio.dll
0x00007fff088d0000 - 0x00007fff088e0000 	C:\Program Files\Java\jdk-17\bin\verify.dll
0x00007ffef10c0000 - 0x00007ffef10e7000 	C:\Users\SSN\.gradle\native\1def1411415f61bf3af743bc5b6707747c0891f09f0c88961ee8f79bc544acac\windows-amd64\native-platform.dll
0x00007ffebf4f0000 - 0x00007ffebf568000 	C:\Users\SSN\.gradle\native\0.2.7\x86_64-windows-gnu\gradle-fileevents.dll
0x00007ffeff580000 - 0x00007ffeff58a000 	C:\Program Files\Java\jdk-17\bin\management.dll
0x00007ffeff440000 - 0x00007ffeff44b000 	C:\Program Files\Java\jdk-17\bin\management_ext.dll
0x00007fff7e070000 - 0x00007fff7e0a4000 	C:\WINDOWS\SYSTEM32\IPHLPAPI.DLL
0x00007fff81fe0000 - 0x00007fff81fea000 	C:\WINDOWS\System32\NSI.dll
0x00007fff774a0000 - 0x00007fff774be000 	C:\WINDOWS\SYSTEM32\dhcpcsvc6.DLL
0x00007fff77470000 - 0x00007fff77493000 	C:\WINDOWS\SYSTEM32\dhcpcsvc.DLL
0x00007fff7e100000 - 0x00007fff7e226000 	C:\WINDOWS\SYSTEM32\DNSAPI.dll
0x00007fff7efa0000 - 0x00007fff7efbb000 	C:\WINDOWS\SYSTEM32\CRYPTSP.dll
0x00007fff7e5d0000 - 0x00007fff7e60b000 	C:\WINDOWS\system32\rsaenh.dll
0x00007fff7ec70000 - 0x00007fff7ec9b000 	C:\WINDOWS\SYSTEM32\USERENV.dll
0x00007fff7fb00000 - 0x00007fff7fb26000 	C:\WINDOWS\SYSTEM32\bcrypt.dll
0x00007fff7ee00000 - 0x00007fff7ee0c000 	C:\WINDOWS\SYSTEM32\CRYPTBASE.dll
0x00007ffeff260000 - 0x00007ffeff26e000 	C:\Program Files\Java\jdk-17\bin\sunmscapi.dll
0x00007fff7ffe0000 - 0x00007fff80157000 	C:\WINDOWS\System32\CRYPT32.dll
0x00007fff7f0f0000 - 0x00007fff7f120000 	C:\WINDOWS\SYSTEM32\ncrypt.dll
0x00007fff7f0a0000 - 0x00007fff7f0df000 	C:\WINDOWS\SYSTEM32\NTASN1.dll
0x00007fff581f0000 - 0x00007fff581f8000 	C:\WINDOWS\system32\wshunix.dll
0x00007fff73500000 - 0x00007fff7350b000 	C:\Windows\System32\rasadhlp.dll
0x00007fff79be0000 - 0x00007fff79c66000 	C:\WINDOWS\System32\fwpuclnt.dll
0x00007fff548a0000 - 0x00007fff548b8000 	C:\WINDOWS\system32\napinsp.dll
0x00007fff54880000 - 0x00007fff54892000 	C:\WINDOWS\System32\winrnr.dll
0x00007fff54850000 - 0x00007fff54878000 	C:\WINDOWS\system32\nlansp_c.dll
0x00007fff52200000 - 0x00007fff52216000 	C:\WINDOWS\system32\wshbth.dll

dbghelp: loaded successfully - version: 4.0.5 - missing functions: none
symbol engine: initialized successfully - sym options: 0x614 - pdb path: .;C:\Program Files\Java\jdk-17\bin;C:\WINDOWS\SYSTEM32;C:\Program Files\SentinelOne\Sentinel Agent 23.1.5.886;C:\WINDOWS\WinSxS\amd64_microsoft.windows.common-controls_6595b64144ccf1df_6.0.26100.5074_none_3e0d6f78e32fd63f;C:\Program Files\Java\jdk-17\bin\server;C:\Users\SSN\.gradle\native\1def1411415f61bf3af743bc5b6707747c0891f09f0c88961ee8f79bc544acac\windows-amd64;C:\Users\SSN\.gradle\native\0.2.7\x86_64-windows-gnu

VM Arguments:
jvm_args: --add-opens=java.base/java.lang=ALL-UNNAMED --add-opens=java.base/java.lang.invoke=ALL-UNNAMED --add-opens=java.base/java.util=ALL-UNNAMED --add-opens=java.prefs/java.util.prefs=ALL-UNNAMED --add-exports=jdk.compiler/com.sun.tools.javac.api=ALL-UNNAMED --add-exports=jdk.compiler/com.sun.tools.javac.util=ALL-UNNAMED --add-opens=java.base/java.util=ALL-UNNAMED --add-opens=java.prefs/java.util.prefs=ALL-UNNAMED --add-opens=java.base/java.nio.charset=ALL-UNNAMED --add-opens=java.base/java.net=ALL-UNNAMED --add-opens=java.base/java.util.concurrent.atomic=ALL-UNNAMED --add-opens=java.xml/javax.xml.namespace=ALL-UNNAMED -XX:MaxMetaspaceSize=4G -XX:ReservedCodeCacheSize=512m -XX:+HeapDumpOnOutOfMemoryError -Xmx8G -Dfile.encoding=UTF-8 -Duser.country=IN -Duser.language=en -Duser.variant -javaagent:C:\Users\SSN\.gradle\wrapper\dists\gradle-8.14-all\c2qonpi39x1mddn7hk5gh9iqj\gradle-8.14\lib\agents\gradle-instrumentation-agent-8.14.jar -agentpath:C:\Program Files\SentinelOne\Sentinel Agent 23.1.5.886\SentinelJava64.dll=extendedCapabilities 
java_command: org.gradle.launcher.daemon.bootstrap.GradleDaemon 8.14
java_class_path (initial): C:\Users\SSN\.gradle\wrapper\dists\gradle-8.14-all\c2qonpi39x1mddn7hk5gh9iqj\gradle-8.14\lib\gradle-daemon-main-8.14.jar
Launcher Type: SUN_STANDARD

[Global flags]
     intx CICompilerCount                          = 4                                         {product} {ergonomic}
     uint ConcGCThreads                            = 3                                         {product} {ergonomic}
     uint G1ConcRefinementThreads                  = 10                                        {product} {ergonomic}
   size_t G1HeapRegionSize                         = 4194304                                   {product} {ergonomic}
    uintx GCDrainStackTargetSize                   = 64                                        {product} {ergonomic}
     bool HeapDumpOnOutOfMemoryError               = true                                   {manageable} {command line}
   size_t InitialHeapSize                          = 264241152                                 {product} {ergonomic}
   size_t MarkStackSize                            = 4194304                                   {product} {ergonomic}
   size_t MaxHeapSize                              = 8589934592                                {product} {command line}
   size_t MaxMetaspaceSize                         = 4294967296                                {product} {command line}
   size_t MaxNewSize                               = 5150605312                                {product} {ergonomic}
   size_t MinHeapDeltaBytes                        = 4194304                                   {product} {ergonomic}
   size_t MinHeapSize                              = 8388608                                   {product} {ergonomic}
    uintx NonNMethodCodeHeapSize                   = 5839372                                {pd product} {ergonomic}
    uintx NonProfiledCodeHeapSize                  = 265515770                              {pd product} {ergonomic}
    uintx ProfiledCodeHeapSize                     = 265515770                              {pd product} {ergonomic}
    uintx ReservedCodeCacheSize                    = 536870912                              {pd product} {command line}
     bool SegmentedCodeCache                       = true                                      {product} {ergonomic}
   size_t SoftMaxHeapSize                          = 8589934592                             {manageable} {ergonomic}
   double SweeperThreshold                         = 0.234375                                  {product} {ergonomic}
     bool UseCompressedClassPointers               = true                           {product lp64_product} {ergonomic}
     bool UseCompressedOops                        = true                           {product lp64_product} {ergonomic}
     bool UseG1GC                                  = true                                      {product} {ergonomic}
     bool UseLargePagesIndividualAllocation        = false                                  {pd product} {ergonomic}

Logging:
Log output configuration:
 #0: stdout all=warning uptime,level,tags
 #1: stderr all=off uptime,level,tags

Environment Variables:
PATH=C:\Program Files (x86)\Common Files\Oracle\Java\javapath;C:\app\SSN\product\angappandbms\dbhomeXE\bin;C:\app\SSN\product\21c\dbhomeXE\bin;C:\Program Files\Common Files\Oracle\Java\javapath;C:\WINDOWS\system32;C:\WINDOWS;C:\WINDOWS\System32\Wbem;C:\WINDOWS\System32\WindowsPowerShell\v1.0\;C:\WINDOWS\System32\OpenSSH\;C:\MinGW\bin;C:\Program Files\nodejs\;C:\Program Files\OpenSSL-Win64\bin;C:\Program Files\Git\cmd;C:\Program Files\PowerShell\7\;C:\Program Files\cursor\resources\app\bin;C:\Program Files\dotnet\;C:\Program Files (x86)\Microsoft SQL Server\170\Tools\Binn\;C:\Program Files\Microsoft SQL Server\170\Tools\Binn\;C:\Program Files\Microsoft SQL Server\Client SDK\ODBC\180\Tools\Binn\;C:\Program Files\Microsoft SQL Server\170\DTS\Binn\;C:\Program Files\MySQL\MySQL Shell 8.0\bin\;C:\Users\SSN\AppData\Local\Programs\Python\Python311\Scripts\;C:\Users\SSN\AppData\Local\Programs\Python\Python311\;C:\Users\SSN\AppData\Local\Microsoft\WindowsApps;C:\Users\SSN\AppData\Local\Programs\Microsoft VS Code\bin;C:\Users\SSN\AppData\Roaming\npm;C:\Users\SSN\flutter\bin;C:\Users\SSN\.dotnet\tools;C:\Users\SSN\AppData\Local\Programs\Antigravity\bin;C:\Users\SSN\AppData\Local\spicetify
USERNAME=SSN
OS=Windows_NT
PROCESSOR_IDENTIFIER=Intel64 Family 6 Model 154 Stepping 4, GenuineIntel



---------------  S Y S T E M  ---------------

OS:
 Windows 11 , 64 bit Build 26100 (10.0.26100.5074)
OS uptime: 3 days 12:04 hours
Hyper-V role detected

CPU: total 12 (initial active 12) (6 cores per cpu, 2 threads per core) family 6 model 154 stepping 4 microcode 0x42c, cx8, cmov, fxsr, ht, mmx, 3dnowpref, sse, sse2, sse3, ssse3, sse4.1, sse4.2, popcnt, lzcnt, tsc, tscinvbit, avx, avx2, aes, erms, clmul, bmi1, bmi2, adx, sha, fma, vzeroupper, clflush, clflushopt, clwb, hv

Memory: 4k page, system-wide physical 16055M (900M free)
TotalPageFile size 28002M (AvailPageFile size 206M)
current process WorkingSet (physical memory assigned to process): 771M, peak: 817M
current process commit charge ("private bytes"): 1173M, peak: 1613M

vm_info: Java HotSpot(TM) 64-Bit Server VM (17.0.8+9-LTS-211) for windows-amd64 JRE (17.0.8+9-LTS-211), built on Jun 14 2023 10:34:31 by "mach5one" with MS VC++ 17.1 (VS2022)

END.
